MPLINK 5.00, LINKER
Linker Map File - Created Thu May 26 14:01:11 2016

                                 Section Info
                  Section       Type    Address   Location Size(Bytes)
                ---------  ---------  ---------  ---------  ---------
               _entry_scn       code   0x000000    program   0x000006
                   .cinit    romdata   0x000006    program   0x00000e
.code_RtccWriteTimeDate.o       code   0x000014    program   0x000182
      .code_temperature.o       code   0x000196    program   0x00013e
         .code_humidite.o       code   0x0002d4    program   0x000132
     .code_RtccReadDate.o       code   0x000406    program   0x0000d4
     .code_RtccReadTime.o       code   0x0004da    program   0x0000b8
               _cinit_scn       code   0x000592    program   0x00009e
       .code_RTCCConfig.o       code   0x000630    program   0x000082
         .code_mainDemo.o       code   0x0006b2    program   0x000072
          .code_fxm3232.o       code   0x000724    program   0x000070
        .code_ADCConfig.o       code   0x000794    program   0x00006e
         .code_spi1open.o       code   0x000802    program   0x000064
        .code_SPIConfig.o       code   0x000866    program   0x000052
         .code_fxd3232u.o       code   0x0008b8    program   0x000048
         .code_RtccWrOn.o       code   0x000900    program   0x000034
         .code_adcsetch.o       code   0x000934    program   0x00002e
                    .code       code   0x000962    program   0x000020
             _startup_scn       code   0x000982    program   0x00001c
    .code_RTCCInitClock.o       code   0x00099e    program   0x00001c
           .code___init.o       code   0x0009ba    program   0x000002
       .romdata_fxm3232.o    romdata   0x0009bc    program   0x000000
      .idata_spi1open.o_i    romdata   0x0009bc    program   0x000000
      .romdata_spi1open.o    romdata   0x0009bc    program   0x000000
 .romdata_RTCCInitClock.o    romdata   0x0009bc    program   0x000000
  .romdata_RtccReadDate.o    romdata   0x0009bc    program   0x000000
  .romdata_RtccReadTime.o    romdata   0x0009bc    program   0x000000
        .romdata___init.o    romdata   0x0009bc    program   0x000000
      .romdata_RtccWrOn.o    romdata   0x0009bc    program   0x000000
.romdata_RtccWriteTimeDate.o    romdata   0x0009bc    program   0x000000
      .romdata_adcsetch.o    romdata   0x0009bc    program   0x000000
         .romdata_c018i.o    romdata   0x0009bc    program   0x000000
   .idata_temperature.o_i    romdata   0x0009bc    program   0x000000
   .romdata_temperature.o    romdata   0x0009bc    program   0x000000
     .romdata_ADCConfig.o    romdata   0x0009bc    program   0x000000
      .romdata_humidite.o    romdata   0x0009bc    program   0x000000
    .romdata_RTCCConfig.o    romdata   0x0009bc    program   0x000000
     .romdata_SPIConfig.o    romdata   0x0009bc    program   0x000000
      .idata_mainDemo.o_i    romdata   0x0009bc    program   0x000018
      .romdata_mainDemo.o    romdata   0x0009bc    program   0x000000
      .romdata_fxd3232u.o    romdata   0x0009bc    program   0x000000
         .idata_c018i.o_i    romdata   0x0009d4    program   0x000000
            .code_c018i.o       code   0x0009d4    program   0x000000
        .idata___init.o_i    romdata   0x0009d4    program   0x000000
       .idata_fxm3232.o_i    romdata   0x0009d4    program   0x000000
      .idata_fxd3232u.o_i    romdata   0x0009d4    program   0x000000
      .idata_adcsetch.o_i    romdata   0x0009d4    program   0x000000
     .idata_ADCConfig.o_i    romdata   0x0009d4    program   0x000000
.idata_RtccWriteTimeDate.o_i    romdata   0x0009d4    program   0x000000
      .idata_humidite.o_i    romdata   0x0009d4    program   0x000000
      .idata_RtccWrOn.o_i    romdata   0x0009d4    program   0x000000
    .idata_RTCCConfig.o_i    romdata   0x0009d4    program   0x000000
  .idata_RtccReadTime.o_i    romdata   0x0009d4    program   0x000000
     .idata_SPIConfig.o_i    romdata   0x0009d4    program   0x000000
  .idata_RtccReadDate.o_i    romdata   0x0009d4    program   0x000000
 .idata_RTCCInitClock.o_i    romdata   0x0009d4    program   0x000000
 .config_1fff8_mainDemo.o    romdata   0x01fff8    program   0x000001
 .config_1fffa_mainDemo.o    romdata   0x01fffa    program   0x000001
 .config_1fffc_mainDemo.o    romdata   0x01fffc    program   0x000001
 .config_1fffd_mainDemo.o    romdata   0x01fffd    program   0x000001
                MATH_DATA      udata   0x000000       data   0x000010
                 .tmpdata      udata   0x000010       data   0x000009
        .idata_mainDemo.o      idata   0x000060       data   0x000018
      .udata_RTCCConfig.o      udata   0x000078       data   0x000010
        .udata_mainDemo.o      udata   0x000088       data   0x00000e
           .udata_c018i.o      udata   0x000096       data   0x00000a
.udata_RtccWriteTimeDate.o      udata   0x0000a0       data   0x000000
        .idata_RtccWrOn.o      idata   0x0000a0       data   0x000000
        .udata_RtccWrOn.o      udata   0x0000a0       data   0x000000
    .idata_RtccReadTime.o      idata   0x0000a0       data   0x000000
    .udata_RtccReadTime.o      udata   0x0000a0       data   0x000000
        .udata_fxd3232u.o      udata   0x0000a0       data   0x000000
        .idata_fxd3232u.o      idata   0x0000a0       data   0x000000
         .udata_fxm3232.o      udata   0x0000a0       data   0x000000
    .idata_RtccReadDate.o      idata   0x0000a0       data   0x000000
         .idata_fxm3232.o      idata   0x0000a0       data   0x000000
        .udata_spi1open.o      udata   0x0000a0       data   0x000000
        .idata_spi1open.o      idata   0x0000a0       data   0x000000
   .udata_RTCCInitClock.o      udata   0x0000a0       data   0x000000
   .idata_RTCCInitClock.o      idata   0x0000a0       data   0x000000
    .udata_RtccReadDate.o      udata   0x0000a0       data   0x000000
.idata_RtccWriteTimeDate.o      idata   0x0000a0       data   0x000000
        .udata_adcsetch.o      udata   0x0000a0       data   0x000000
        .idata_adcsetch.o      idata   0x0000a0       data   0x000000
          .udata___init.o      udata   0x0000a0       data   0x000000
          .idata___init.o      idata   0x0000a0       data   0x000000
       .idata_SPIConfig.o      idata   0x0000a0       data   0x000000
       .udata_SPIConfig.o      udata   0x0000a0       data   0x000000
      .idata_RTCCConfig.o      idata   0x0000a0       data   0x000000
        .idata_humidite.o      idata   0x0000a0       data   0x000000
        .udata_humidite.o      udata   0x0000a0       data   0x000000
       .idata_ADCConfig.o      idata   0x0000a0       data   0x000000
       .udata_ADCConfig.o      udata   0x0000a0       data   0x000000
     .idata_temperature.o      idata   0x0000a0       data   0x000000
     .udata_temperature.o      udata   0x0000a0       data   0x000000
           .idata_c018i.o      idata   0x0000a0       data   0x000000
                   .stack      udata   0x000d00       data   0x000100
              SFR_BANKED0      udata   0x000eb8       data   0x000005
              SFR_BANKED1      udata   0x000ebf       data   0x00001a
              SFR_BANKED2      udata   0x000ee1       data   0x000004
              SFR_BANKED3      udata   0x000ee6       data   0x000005
              SFR_BANKED4      udata   0x000ef2       data   0x000003
              SFR_BANKED5      udata   0x000ef7       data   0x000002
              SFR_BANKED6      udata   0x000efc       data   0x000004
              SFR_BANKED7      udata   0x000f00       data   0x000026
              SFR_BANKED8      udata   0x000f3a       data   0x000009
              SFR_BANKED9      udata   0x000f44       data   0x00001c
            SFR_UNBANKED0      udata   0x000f66       data   0x00009a



                              Program Memory Usage 
                               Start         End      
                           ---------   ---------      
                            0x000000    0x0009d3      
                            0x01fff8    0x01fff8      
                            0x01fffa    0x01fffa      
                            0x01fffc    0x01fffd      
            2520 out of 131074 program addresses used, program memory utilization is 1%



                              Symbols - Sorted by Name
                     Name    Address   Location    Storage File                     
                ---------  ---------  ---------  --------- ---------                
                 FXD3232U   0x0008b8    program     extern E:\3.46\pic18-lt\cxx-framework\src\traditional\math\fxd3232u.c
                  FXM3232   0x000724    program     extern E:\3.46\pic18-lt\cxx-framework\src\traditional\math\fxm3232.c
                 OpenSPI1   0x000802    program     extern E:\3.46\pic18-lt\cxx-framework\src\pmc_common\SPI\spi1open.c
            RtccInitClock   0x00099e    program     extern E:\3.46\pic18-lt\cxx-framework\src\pmc_common\rtcc\RTCCInitClock.c
             RtccReadDate   0x000406    program     extern E:\3.46\pic18-lt\cxx-framework\src\pmc_common\rtcc\RtccReadDate.c
             RtccReadTime   0x0004da    program     extern E:\3.46\pic18-lt\cxx-framework\src\pmc_common\rtcc\RtccReadTime.c
                 RtccWrOn   0x000900    program     extern E:\3.46\pic18-lt\cxx-framework\src\pmc_common\rtcc\RtccWrOn.c
        RtccWriteTimeDate   0x000014    program     extern E:\3.46\pic18-lt\cxx-framework\src\pmc_common\rtcc\RtccWriteTimeDate.c
               SetChanADC   0x000934    program     extern E:\3.46\pic18-lt\cxx-framework\src\pmc_common\ADC\adcsetch.c
              WriteEEPROM   0x00089c    program     extern Z:\EOC\StationMeteo\Software\SPIConfig.c
            WriteEEPROMAC   0x0008aa    program     extern Z:\EOC\StationMeteo\Software\SPIConfig.c
                 WriteENC   0x00088e    program     extern Z:\EOC\StationMeteo\Software\SPIConfig.c
       ___return_lbl00000   0x000924    program     static                          
       ___return_lbl00000   0x000792    program     static                          
       ___return_lbl00000   0x000004    program     static                          
       ___return_lbl00000   0x0008fe    program     static                          
       ___return_lbl00001   0x00099c    program     static                          
       ___return_lbl00002   0x00062e    program     static                          
               __config_0   0x01fff8    program     static Z:\EOC\StationMeteo\Software\mainDemo.c
               __config_1   0x01fffa    program     static Z:\EOC\StationMeteo\Software\mainDemo.c
               __config_2   0x01fffc    program     static Z:\EOC\StationMeteo\Software\mainDemo.c
               __config_3   0x01fffd    program     static Z:\EOC\StationMeteo\Software\mainDemo.c
                   __init   0x0009ba    program     extern E:\3.46\pic18-lt\cxx-framework\src\traditional\stdclib\__init.c
                   __pa_0   0x0004c4    program     static E:\3.46\pic18-lt\cxx-framework\src\pmc_common\rtcc\RtccReadDate.c
                   __pa_0   0x000584    program     static E:\3.46\pic18-lt\cxx-framework\src\pmc_common\rtcc\RtccReadTime.c
                   __pa_0   0x00015e    program     static E:\3.46\pic18-lt\cxx-framework\src\pmc_common\rtcc\RtccWriteTimeDate.c
                   __pa_1   0x0004cc    program     static E:\3.46\pic18-lt\cxx-framework\src\pmc_common\rtcc\RtccReadDate.c
                   __pa_1   0x00016c    program     static E:\3.46\pic18-lt\cxx-framework\src\pmc_common\rtcc\RtccWriteTimeDate.c
                   __pa_2   0x000176    program     static E:\3.46\pic18-lt\cxx-framework\src\pmc_common\rtcc\RtccWriteTimeDate.c
                   __pa_3   0x000182    program     static E:\3.46\pic18-lt\cxx-framework\src\pmc_common\rtcc\RtccWriteTimeDate.c
                   __pa_4   0x000190    program     static E:\3.46\pic18-lt\cxx-framework\src\pmc_common\rtcc\RtccWriteTimeDate.c
            __zero_memory   0x000962    program     extern E:\3.46\pic18-lt\cxx-framework\src\traditional\proc\p18f47j13.asm
                _do_cinit   0x000592    program     extern E:\3.46\pic18-lt\cxx-framework\src\traditional\startup\c018i.c
                   _entry   0x000000    program     extern E:\3.46\pic18-lt\cxx-framework\src\traditional\startup\c018i.c
                   _false   0x0008fa    program     static                          
                 _startup   0x000982    program     extern E:\3.46\pic18-lt\cxx-framework\src\traditional\startup\c018i.c
                compare_l   0x000978    program     static E:\3.46\pic18-lt\cxx-framework\src\traditional\proc\p18f47j13.asm
                copy_loop   0x000604    program     static                          
            copy_one_byte   0x00060a    program     static                          
                     done   0x00062e    program     static                          
             done_copying   0x000618    program     static                          
           initialiserADC   0x000794    program     extern Z:\EOC\StationMeteo\Software\ADCConfig.c
           initialiserSPI   0x000866    program     extern Z:\EOC\StationMeteo\Software\SPIConfig.c
         initialiser_rtcc   0x000630    program     extern Z:\EOC\StationMeteo\Software\RTCCConfig.c
              lancer_rtcc   0x000690    program     extern Z:\EOC\StationMeteo\Software\RTCCConfig.c
                  lireADC   0x0007c2    program     extern Z:\EOC\StationMeteo\Software\ADCConfig.c
             lireHumidite   0x0002d4    program     extern Z:\EOC\StationMeteo\Software\humidite.c
                 lireTemp   0x000196    program     extern Z:\EOC\StationMeteo\Software\temperature.c
                     loop   0x000992    program     static                          
                     loop   0x0008c6    program     static                          
                   loop_h   0x000970    program     static E:\3.46\pic18-lt\cxx-framework\src\traditional\proc\p18f47j13.asm
                   loop_l   0x00097a    program     static E:\3.46\pic18-lt\cxx-framework\src\traditional\proc\p18f47j13.asm
                     main   0x0006b2    program     extern Z:\EOC\StationMeteo\Software\mainDemo.c
                     test   0x0005ac    program     static                          
               zero_block   0x000970    program     static E:\3.46\pic18-lt\cxx-framework\src\traditional\proc\p18f47j13.asm
                   ADCON0   0x000fc2       data     extern E:\3.46\pic18-lt\cxx-framework\src\traditional\proc\p18f47j13.asm
               ADCON0bits   0x000fc2       data     extern E:\3.46\pic18-lt\cxx-framework\src\traditional\proc\p18f47j13.asm
                   ADCON1   0x000fc1       data     extern E:\3.46\pic18-lt\cxx-framework\src\traditional\proc\p18f47j13.asm
               ADCON1bits   0x000fc1       data     extern E:\3.46\pic18-lt\cxx-framework\src\traditional\proc\p18f47j13.asm
                  ADCTRIG   0x000eb8       data     extern E:\3.46\pic18-lt\cxx-framework\src\traditional\proc\p18f47j13.asm
              ADCTRIGbits   0x000eb8       data     extern E:\3.46\pic18-lt\cxx-framework\src\traditional\proc\p18f47j13.asm
                    ADRES   0x000fc3       data     extern E:\3.46\pic18-lt\cxx-framework\src\traditional\proc\p18f47j13.asm
                   ADRESH   0x000fc4       data     extern E:\3.46\pic18-lt\cxx-framework\src\traditional\proc\p18f47j13.asm
                   ADRESL   0x000fc3       data     extern E:\3.46\pic18-lt\cxx-framework\src\traditional\proc\p18f47j13.asm
                  ALRMCFG   0x000f47       data     extern E:\3.46\pic18-lt\cxx-framework\src\traditional\proc\p18f47j13.asm
              ALRMCFGbits   0x000f47       data     extern E:\3.46\pic18-lt\cxx-framework\src\traditional\proc\p18f47j13.asm
                  ALRMRPT   0x000f46       data     extern E:\3.46\pic18-lt\cxx-framework\src\traditional\proc\p18f47j13.asm
              ALRMRPTbits   0x000f46       data     extern E:\3.46\pic18-lt\cxx-framework\src\traditional\proc\p18f47j13.asm
                 ALRMVALH   0x000f45       data     extern E:\3.46\pic18-lt\cxx-framework\src\traditional\proc\p18f47j13.asm
                 ALRMVALL   0x000f44       data     extern E:\3.46\pic18-lt\cxx-framework\src\traditional\proc\p18f47j13.asm
                   ANCON0   0x000f48       data     extern E:\3.46\pic18-lt\cxx-framework\src\traditional\proc\p18f47j13.asm
               ANCON0bits   0x000f48       data     extern E:\3.46\pic18-lt\cxx-framework\src\traditional\proc\p18f47j13.asm
                   ANCON1   0x000f49       data     extern E:\3.46\pic18-lt\cxx-framework\src\traditional\proc\p18f47j13.asm
               ANCON1bits   0x000f49       data     extern E:\3.46\pic18-lt\cxx-framework\src\traditional\proc\p18f47j13.asm
                  BAUDCON   0x000f7e       data     extern E:\3.46\pic18-lt\cxx-framework\src\traditional\proc\p18f47j13.asm
                 BAUDCON1   0x000f7e       data     extern E:\3.46\pic18-lt\cxx-framework\src\traditional\proc\p18f47j13.asm
             BAUDCON1bits   0x000f7e       data     extern E:\3.46\pic18-lt\cxx-framework\src\traditional\proc\p18f47j13.asm
                 BAUDCON2   0x000f7c       data     extern E:\3.46\pic18-lt\cxx-framework\src\traditional\proc\p18f47j13.asm
             BAUDCON2bits   0x000f7c       data     extern E:\3.46\pic18-lt\cxx-framework\src\traditional\proc\p18f47j13.asm
              BAUDCONbits   0x000f7e       data     extern E:\3.46\pic18-lt\cxx-framework\src\traditional\proc\p18f47j13.asm
                  BAUDCTL   0x000f7e       data     extern E:\3.46\pic18-lt\cxx-framework\src\traditional\proc\p18f47j13.asm
              BAUDCTLbits   0x000f7e       data     extern E:\3.46\pic18-lt\cxx-framework\src\traditional\proc\p18f47j13.asm
                      BSR   0x000fe0       data     extern E:\3.46\pic18-lt\cxx-framework\src\traditional\proc\p18f47j13.asm
                 CCP10CON   0x000f00       data     extern E:\3.46\pic18-lt\cxx-framework\src\traditional\proc\p18f47j13.asm
             CCP10CONbits   0x000f00       data     extern E:\3.46\pic18-lt\cxx-framework\src\traditional\proc\p18f47j13.asm
                  CCP1CON   0x000fba       data     extern E:\3.46\pic18-lt\cxx-framework\src\traditional\proc\p18f47j13.asm
              CCP1CONbits   0x000fba       data     extern E:\3.46\pic18-lt\cxx-framework\src\traditional\proc\p18f47j13.asm
                  CCP2CON   0x000fb4       data     extern E:\3.46\pic18-lt\cxx-framework\src\traditional\proc\p18f47j13.asm
              CCP2CONbits   0x000fb4       data     extern E:\3.46\pic18-lt\cxx-framework\src\traditional\proc\p18f47j13.asm
                  CCP3CON   0x000f15       data     extern E:\3.46\pic18-lt\cxx-framework\src\traditional\proc\p18f47j13.asm
              CCP3CONbits   0x000f15       data     extern E:\3.46\pic18-lt\cxx-framework\src\traditional\proc\p18f47j13.asm
                  CCP4CON   0x000f12       data     extern E:\3.46\pic18-lt\cxx-framework\src\traditional\proc\p18f47j13.asm
              CCP4CONbits   0x000f12       data     extern E:\3.46\pic18-lt\cxx-framework\src\traditional\proc\p18f47j13.asm
                  CCP5CON   0x000f0f       data     extern E:\3.46\pic18-lt\cxx-framework\src\traditional\proc\p18f47j13.asm
              CCP5CONbits   0x000f0f       data     extern E:\3.46\pic18-lt\cxx-framework\src\traditional\proc\p18f47j13.asm
                  CCP6CON   0x000f0c       data     extern E:\3.46\pic18-lt\cxx-framework\src\traditional\proc\p18f47j13.asm
              CCP6CONbits   0x000f0c       data     extern E:\3.46\pic18-lt\cxx-framework\src\traditional\proc\p18f47j13.asm
                  CCP7CON   0x000f09       data     extern E:\3.46\pic18-lt\cxx-framework\src\traditional\proc\p18f47j13.asm
              CCP7CONbits   0x000f09       data     extern E:\3.46\pic18-lt\cxx-framework\src\traditional\proc\p18f47j13.asm
                  CCP8CON   0x000f06       data     extern E:\3.46\pic18-lt\cxx-framework\src\traditional\proc\p18f47j13.asm
              CCP8CONbits   0x000f06       data     extern E:\3.46\pic18-lt\cxx-framework\src\traditional\proc\p18f47j13.asm
                  CCP9CON   0x000f03       data     extern E:\3.46\pic18-lt\cxx-framework\src\traditional\proc\p18f47j13.asm
              CCP9CONbits   0x000f03       data     extern E:\3.46\pic18-lt\cxx-framework\src\traditional\proc\p18f47j13.asm
                    CCPR1   0x000fbb       data     extern E:\3.46\pic18-lt\cxx-framework\src\traditional\proc\p18f47j13.asm
                  CCPR10H   0x000f02       data     extern E:\3.46\pic18-lt\cxx-framework\src\traditional\proc\p18f47j13.asm
                  CCPR10L   0x000f01       data     extern E:\3.46\pic18-lt\cxx-framework\src\traditional\proc\p18f47j13.asm
                   CCPR1H   0x000fbc       data     extern E:\3.46\pic18-lt\cxx-framework\src\traditional\proc\p18f47j13.asm
                   CCPR1L   0x000fbb       data     extern E:\3.46\pic18-lt\cxx-framework\src\traditional\proc\p18f47j13.asm
                    CCPR2   0x000fb5       data     extern E:\3.46\pic18-lt\cxx-framework\src\traditional\proc\p18f47j13.asm
                   CCPR2H   0x000fb6       data     extern E:\3.46\pic18-lt\cxx-framework\src\traditional\proc\p18f47j13.asm
                   CCPR2L   0x000fb5       data     extern E:\3.46\pic18-lt\cxx-framework\src\traditional\proc\p18f47j13.asm
                   CCPR3H   0x000f17       data     extern E:\3.46\pic18-lt\cxx-framework\src\traditional\proc\p18f47j13.asm
                   CCPR3L   0x000f16       data     extern E:\3.46\pic18-lt\cxx-framework\src\traditional\proc\p18f47j13.asm
                   CCPR4H   0x000f14       data     extern E:\3.46\pic18-lt\cxx-framework\src\traditional\proc\p18f47j13.asm
                   CCPR4L   0x000f13       data     extern E:\3.46\pic18-lt\cxx-framework\src\traditional\proc\p18f47j13.asm
                   CCPR5H   0x000f11       data     extern E:\3.46\pic18-lt\cxx-framework\src\traditional\proc\p18f47j13.asm
                   CCPR5L   0x000f10       data     extern E:\3.46\pic18-lt\cxx-framework\src\traditional\proc\p18f47j13.asm
                   CCPR6H   0x000f0e       data     extern E:\3.46\pic18-lt\cxx-framework\src\traditional\proc\p18f47j13.asm
                   CCPR6L   0x000f0d       data     extern E:\3.46\pic18-lt\cxx-framework\src\traditional\proc\p18f47j13.asm
                   CCPR7H   0x000f0b       data     extern E:\3.46\pic18-lt\cxx-framework\src\traditional\proc\p18f47j13.asm
                   CCPR7L   0x000f0a       data     extern E:\3.46\pic18-lt\cxx-framework\src\traditional\proc\p18f47j13.asm
                   CCPR8H   0x000f08       data     extern E:\3.46\pic18-lt\cxx-framework\src\traditional\proc\p18f47j13.asm
                   CCPR8L   0x000f07       data     extern E:\3.46\pic18-lt\cxx-framework\src\traditional\proc\p18f47j13.asm
                   CCPR9H   0x000f05       data     extern E:\3.46\pic18-lt\cxx-framework\src\traditional\proc\p18f47j13.asm
                   CCPR9L   0x000f04       data     extern E:\3.46\pic18-lt\cxx-framework\src\traditional\proc\p18f47j13.asm
                 CCPTMRS0   0x000f52       data     extern E:\3.46\pic18-lt\cxx-framework\src\traditional\proc\p18f47j13.asm
             CCPTMRS0bits   0x000f52       data     extern E:\3.46\pic18-lt\cxx-framework\src\traditional\proc\p18f47j13.asm
                 CCPTMRS1   0x000f51       data     extern E:\3.46\pic18-lt\cxx-framework\src\traditional\proc\p18f47j13.asm
             CCPTMRS1bits   0x000f51       data     extern E:\3.46\pic18-lt\cxx-framework\src\traditional\proc\p18f47j13.asm
                 CCPTMRS2   0x000f50       data     extern E:\3.46\pic18-lt\cxx-framework\src\traditional\proc\p18f47j13.asm
             CCPTMRS2bits   0x000f50       data     extern E:\3.46\pic18-lt\cxx-framework\src\traditional\proc\p18f47j13.asm
                   CM1CON   0x000fd2       data     extern E:\3.46\pic18-lt\cxx-framework\src\traditional\proc\p18f47j13.asm
                  CM1CON1   0x000fd2       data     extern E:\3.46\pic18-lt\cxx-framework\src\traditional\proc\p18f47j13.asm
              CM1CON1bits   0x000fd2       data     extern E:\3.46\pic18-lt\cxx-framework\src\traditional\proc\p18f47j13.asm
               CM1CONbits   0x000fd2       data     extern E:\3.46\pic18-lt\cxx-framework\src\traditional\proc\p18f47j13.asm
                   CM2CON   0x000fd1       data     extern E:\3.46\pic18-lt\cxx-framework\src\traditional\proc\p18f47j13.asm
                  CM2CON1   0x000fd1       data     extern E:\3.46\pic18-lt\cxx-framework\src\traditional\proc\p18f47j13.asm
              CM2CON1bits   0x000fd1       data     extern E:\3.46\pic18-lt\cxx-framework\src\traditional\proc\p18f47j13.asm
               CM2CONbits   0x000fd1       data     extern E:\3.46\pic18-lt\cxx-framework\src\traditional\proc\p18f47j13.asm
                   CM3CON   0x000f25       data     extern E:\3.46\pic18-lt\cxx-framework\src\traditional\proc\p18f47j13.asm
               CM3CONbits   0x000f25       data     extern E:\3.46\pic18-lt\cxx-framework\src\traditional\proc\p18f47j13.asm
                   CMSTAT   0x000f70       data     extern E:\3.46\pic18-lt\cxx-framework\src\traditional\proc\p18f47j13.asm
                 CMSTATUS   0x000f70       data     extern E:\3.46\pic18-lt\cxx-framework\src\traditional\proc\p18f47j13.asm
             CMSTATUSbits   0x000f70       data     extern E:\3.46\pic18-lt\cxx-framework\src\traditional\proc\p18f47j13.asm
               CMSTATbits   0x000f70       data     extern E:\3.46\pic18-lt\cxx-framework\src\traditional\proc\p18f47j13.asm
                 CTMUCONH   0x000fb3       data     extern E:\3.46\pic18-lt\cxx-framework\src\traditional\proc\p18f47j13.asm
             CTMUCONHbits   0x000fb3       data     extern E:\3.46\pic18-lt\cxx-framework\src\traditional\proc\p18f47j13.asm
                 CTMUCONL   0x000fb2       data     extern E:\3.46\pic18-lt\cxx-framework\src\traditional\proc\p18f47j13.asm
             CTMUCONLbits   0x000fb2       data     extern E:\3.46\pic18-lt\cxx-framework\src\traditional\proc\p18f47j13.asm
                 CTMUICON   0x000fb1       data     extern E:\3.46\pic18-lt\cxx-framework\src\traditional\proc\p18f47j13.asm
             CTMUICONbits   0x000fb1       data     extern E:\3.46\pic18-lt\cxx-framework\src\traditional\proc\p18f47j13.asm
                   CVRCON   0x000f53       data     extern E:\3.46\pic18-lt\cxx-framework\src\traditional\proc\p18f47j13.asm
               CVRCONbits   0x000f53       data     extern E:\3.46\pic18-lt\cxx-framework\src\traditional\proc\p18f47j13.asm
                   DMABCH   0x000f66       data     extern E:\3.46\pic18-lt\cxx-framework\src\traditional\proc\p18f47j13.asm
               DMABCHbits   0x000f66       data     extern E:\3.46\pic18-lt\cxx-framework\src\traditional\proc\p18f47j13.asm
                   DMABCL   0x000f67       data     extern E:\3.46\pic18-lt\cxx-framework\src\traditional\proc\p18f47j13.asm
                  DMACON1   0x000f88       data     extern E:\3.46\pic18-lt\cxx-framework\src\traditional\proc\p18f47j13.asm
              DMACON1bits   0x000f88       data     extern E:\3.46\pic18-lt\cxx-framework\src\traditional\proc\p18f47j13.asm
                  DMACON2   0x000f86       data     extern E:\3.46\pic18-lt\cxx-framework\src\traditional\proc\p18f47j13.asm
              DMACON2bits   0x000f86       data     extern E:\3.46\pic18-lt\cxx-framework\src\traditional\proc\p18f47j13.asm
                   DSCONH   0x000f4d       data     extern E:\3.46\pic18-lt\cxx-framework\src\traditional\proc\p18f47j13.asm
               DSCONHbits   0x000f4d       data     extern E:\3.46\pic18-lt\cxx-framework\src\traditional\proc\p18f47j13.asm
                   DSCONL   0x000f4c       data     extern E:\3.46\pic18-lt\cxx-framework\src\traditional\proc\p18f47j13.asm
               DSCONLbits   0x000f4c       data     extern E:\3.46\pic18-lt\cxx-framework\src\traditional\proc\p18f47j13.asm
                   DSGPR0   0x000f4e       data     extern E:\3.46\pic18-lt\cxx-framework\src\traditional\proc\p18f47j13.asm
                   DSGPR1   0x000f4f       data     extern E:\3.46\pic18-lt\cxx-framework\src\traditional\proc\p18f47j13.asm
                  DSWAKEH   0x000f4b       data     extern E:\3.46\pic18-lt\cxx-framework\src\traditional\proc\p18f47j13.asm
              DSWAKEHbits   0x000f4b       data     extern E:\3.46\pic18-lt\cxx-framework\src\traditional\proc\p18f47j13.asm
                  DSWAKEL   0x000f4a       data     extern E:\3.46\pic18-lt\cxx-framework\src\traditional\proc\p18f47j13.asm
              DSWAKELbits   0x000f4a       data     extern E:\3.46\pic18-lt\cxx-framework\src\traditional\proc\p18f47j13.asm
                  ECCP1AS   0x000fbe       data     extern E:\3.46\pic18-lt\cxx-framework\src\traditional\proc\p18f47j13.asm
              ECCP1ASbits   0x000fbe       data     extern E:\3.46\pic18-lt\cxx-framework\src\traditional\proc\p18f47j13.asm
                 ECCP1CON   0x000fba       data     extern E:\3.46\pic18-lt\cxx-framework\src\traditional\proc\p18f47j13.asm
             ECCP1CONbits   0x000fba       data     extern E:\3.46\pic18-lt\cxx-framework\src\traditional\proc\p18f47j13.asm
                 ECCP1DEL   0x000fbd       data     extern E:\3.46\pic18-lt\cxx-framework\src\traditional\proc\p18f47j13.asm
             ECCP1DELbits   0x000fbd       data     extern E:\3.46\pic18-lt\cxx-framework\src\traditional\proc\p18f47j13.asm
                  ECCP2AS   0x000fb8       data     extern E:\3.46\pic18-lt\cxx-framework\src\traditional\proc\p18f47j13.asm
              ECCP2ASbits   0x000fb8       data     extern E:\3.46\pic18-lt\cxx-framework\src\traditional\proc\p18f47j13.asm
                 ECCP2CON   0x000fb4       data     extern E:\3.46\pic18-lt\cxx-framework\src\traditional\proc\p18f47j13.asm
             ECCP2CONbits   0x000fb4       data     extern E:\3.46\pic18-lt\cxx-framework\src\traditional\proc\p18f47j13.asm
                 ECCP2DEL   0x000fb7       data     extern E:\3.46\pic18-lt\cxx-framework\src\traditional\proc\p18f47j13.asm
             ECCP2DELbits   0x000fb7       data     extern E:\3.46\pic18-lt\cxx-framework\src\traditional\proc\p18f47j13.asm
                  ECCP3AS   0x000f19       data     extern E:\3.46\pic18-lt\cxx-framework\src\traditional\proc\p18f47j13.asm
              ECCP3ASbits   0x000f19       data     extern E:\3.46\pic18-lt\cxx-framework\src\traditional\proc\p18f47j13.asm
                 ECCP3DEL   0x000f18       data     extern E:\3.46\pic18-lt\cxx-framework\src\traditional\proc\p18f47j13.asm
             ECCP3DELbits   0x000f18       data     extern E:\3.46\pic18-lt\cxx-framework\src\traditional\proc\p18f47j13.asm
                   EECON1   0x000fa6       data     extern E:\3.46\pic18-lt\cxx-framework\src\traditional\proc\p18f47j13.asm
               EECON1bits   0x000fa6       data     extern E:\3.46\pic18-lt\cxx-framework\src\traditional\proc\p18f47j13.asm
                   EECON2   0x000fa7       data     extern E:\3.46\pic18-lt\cxx-framework\src\traditional\proc\p18f47j13.asm
                     FSR0   0x000fe9       data     extern E:\3.46\pic18-lt\cxx-framework\src\traditional\proc\p18f47j13.asm
                    FSR0H   0x000fea       data     extern E:\3.46\pic18-lt\cxx-framework\src\traditional\proc\p18f47j13.asm
                    FSR0L   0x000fe9       data     extern E:\3.46\pic18-lt\cxx-framework\src\traditional\proc\p18f47j13.asm
                     FSR1   0x000fe1       data     extern E:\3.46\pic18-lt\cxx-framework\src\traditional\proc\p18f47j13.asm
                    FSR1H   0x000fe2       data     extern E:\3.46\pic18-lt\cxx-framework\src\traditional\proc\p18f47j13.asm
                    FSR1L   0x000fe1       data     extern E:\3.46\pic18-lt\cxx-framework\src\traditional\proc\p18f47j13.asm
                     FSR2   0x000fd9       data     extern E:\3.46\pic18-lt\cxx-framework\src\traditional\proc\p18f47j13.asm
                    FSR2H   0x000fda       data     extern E:\3.46\pic18-lt\cxx-framework\src\traditional\proc\p18f47j13.asm
                    FSR2L   0x000fd9       data     extern E:\3.46\pic18-lt\cxx-framework\src\traditional\proc\p18f47j13.asm
                  HLVDCON   0x000f85       data     extern E:\3.46\pic18-lt\cxx-framework\src\traditional\proc\p18f47j13.asm
              HLVDCONbits   0x000f85       data     extern E:\3.46\pic18-lt\cxx-framework\src\traditional\proc\p18f47j13.asm
                    INDF0   0x000fef       data     extern E:\3.46\pic18-lt\cxx-framework\src\traditional\proc\p18f47j13.asm
                    INDF1   0x000fe7       data     extern E:\3.46\pic18-lt\cxx-framework\src\traditional\proc\p18f47j13.asm
                    INDF2   0x000fdf       data     extern E:\3.46\pic18-lt\cxx-framework\src\traditional\proc\p18f47j13.asm
                   INTCON   0x000ff2       data     extern E:\3.46\pic18-lt\cxx-framework\src\traditional\proc\p18f47j13.asm
                  INTCON2   0x000ff1       data     extern E:\3.46\pic18-lt\cxx-framework\src\traditional\proc\p18f47j13.asm
              INTCON2bits   0x000ff1       data     extern E:\3.46\pic18-lt\cxx-framework\src\traditional\proc\p18f47j13.asm
                  INTCON3   0x000ff0       data     extern E:\3.46\pic18-lt\cxx-framework\src\traditional\proc\p18f47j13.asm
              INTCON3bits   0x000ff0       data     extern E:\3.46\pic18-lt\cxx-framework\src\traditional\proc\p18f47j13.asm
               INTCONbits   0x000ff2       data     extern E:\3.46\pic18-lt\cxx-framework\src\traditional\proc\p18f47j13.asm
                     IPR1   0x000f9f       data     extern E:\3.46\pic18-lt\cxx-framework\src\traditional\proc\p18f47j13.asm
                 IPR1bits   0x000f9f       data     extern E:\3.46\pic18-lt\cxx-framework\src\traditional\proc\p18f47j13.asm
                     IPR2   0x000fa2       data     extern E:\3.46\pic18-lt\cxx-framework\src\traditional\proc\p18f47j13.asm
                 IPR2bits   0x000fa2       data     extern E:\3.46\pic18-lt\cxx-framework\src\traditional\proc\p18f47j13.asm
                     IPR3   0x000fa5       data     extern E:\3.46\pic18-lt\cxx-framework\src\traditional\proc\p18f47j13.asm
                 IPR3bits   0x000fa5       data     extern E:\3.46\pic18-lt\cxx-framework\src\traditional\proc\p18f47j13.asm
                     IPR4   0x000f90       data     extern E:\3.46\pic18-lt\cxx-framework\src\traditional\proc\p18f47j13.asm
                 IPR4bits   0x000f90       data     extern E:\3.46\pic18-lt\cxx-framework\src\traditional\proc\p18f47j13.asm
                     IPR5   0x000f99       data     extern E:\3.46\pic18-lt\cxx-framework\src\traditional\proc\p18f47j13.asm
                 IPR5bits   0x000f99       data     extern E:\3.46\pic18-lt\cxx-framework\src\traditional\proc\p18f47j13.asm
                     LATA   0x000f89       data     extern E:\3.46\pic18-lt\cxx-framework\src\traditional\proc\p18f47j13.asm
                 LATAbits   0x000f89       data     extern E:\3.46\pic18-lt\cxx-framework\src\traditional\proc\p18f47j13.asm
                     LATB   0x000f8a       data     extern E:\3.46\pic18-lt\cxx-framework\src\traditional\proc\p18f47j13.asm
                 LATBbits   0x000f8a       data     extern E:\3.46\pic18-lt\cxx-framework\src\traditional\proc\p18f47j13.asm
                     LATC   0x000f8b       data     extern E:\3.46\pic18-lt\cxx-framework\src\traditional\proc\p18f47j13.asm
                 LATCbits   0x000f8b       data     extern E:\3.46\pic18-lt\cxx-framework\src\traditional\proc\p18f47j13.asm
                     LATD   0x000f8c       data     extern E:\3.46\pic18-lt\cxx-framework\src\traditional\proc\p18f47j13.asm
                 LATDbits   0x000f8c       data     extern E:\3.46\pic18-lt\cxx-framework\src\traditional\proc\p18f47j13.asm
                     LATE   0x000f8d       data     extern E:\3.46\pic18-lt\cxx-framework\src\traditional\proc\p18f47j13.asm
                 LATEbits   0x000f8d       data     extern E:\3.46\pic18-lt\cxx-framework\src\traditional\proc\p18f47j13.asm
                      MAC   0x00008f       data     extern Z:\EOC\StationMeteo\Software\mainDemo.c
                   ODCON1   0x000f42       data     extern E:\3.46\pic18-lt\cxx-framework\src\traditional\proc\p18f47j13.asm
               ODCON1bits   0x000f42       data     extern E:\3.46\pic18-lt\cxx-framework\src\traditional\proc\p18f47j13.asm
                   ODCON2   0x000f41       data     extern E:\3.46\pic18-lt\cxx-framework\src\traditional\proc\p18f47j13.asm
               ODCON2bits   0x000f41       data     extern E:\3.46\pic18-lt\cxx-framework\src\traditional\proc\p18f47j13.asm
                   ODCON3   0x000f40       data     extern E:\3.46\pic18-lt\cxx-framework\src\traditional\proc\p18f47j13.asm
               ODCON3bits   0x000f40       data     extern E:\3.46\pic18-lt\cxx-framework\src\traditional\proc\p18f47j13.asm
                   OSCCON   0x000fd3       data     extern E:\3.46\pic18-lt\cxx-framework\src\traditional\proc\p18f47j13.asm
                  OSCCON2   0x000f87       data     extern E:\3.46\pic18-lt\cxx-framework\src\traditional\proc\p18f47j13.asm
              OSCCON2bits   0x000f87       data     extern E:\3.46\pic18-lt\cxx-framework\src\traditional\proc\p18f47j13.asm
               OSCCONbits   0x000fd3       data     extern E:\3.46\pic18-lt\cxx-framework\src\traditional\proc\p18f47j13.asm
                  OSCTUNE   0x000f9b       data     extern E:\3.46\pic18-lt\cxx-framework\src\traditional\proc\p18f47j13.asm
              OSCTUNEbits   0x000f9b       data     extern E:\3.46\pic18-lt\cxx-framework\src\traditional\proc\p18f47j13.asm
                  PADCFG1   0x000f3c       data     extern E:\3.46\pic18-lt\cxx-framework\src\traditional\proc\p18f47j13.asm
              PADCFG1bits   0x000f3c       data     extern E:\3.46\pic18-lt\cxx-framework\src\traditional\proc\p18f47j13.asm
                       PC   0x000ff9       data     extern E:\3.46\pic18-lt\cxx-framework\src\traditional\proc\p18f47j13.asm
                      PCL   0x000ff9       data     extern E:\3.46\pic18-lt\cxx-framework\src\traditional\proc\p18f47j13.asm
                   PCLATH   0x000ffa       data     extern E:\3.46\pic18-lt\cxx-framework\src\traditional\proc\p18f47j13.asm
                   PCLATU   0x000ffb       data     extern E:\3.46\pic18-lt\cxx-framework\src\traditional\proc\p18f47j13.asm
                      PD0   0x000eb9       data     extern E:\3.46\pic18-lt\cxx-framework\src\traditional\proc\p18f47j13.asm
                  PD0bits   0x000eb9       data     extern E:\3.46\pic18-lt\cxx-framework\src\traditional\proc\p18f47j13.asm
                      PD1   0x000eba       data     extern E:\3.46\pic18-lt\cxx-framework\src\traditional\proc\p18f47j13.asm
                  PD1bits   0x000eba       data     extern E:\3.46\pic18-lt\cxx-framework\src\traditional\proc\p18f47j13.asm
                      PD2   0x000ebb       data     extern E:\3.46\pic18-lt\cxx-framework\src\traditional\proc\p18f47j13.asm
                  PD2bits   0x000ebb       data     extern E:\3.46\pic18-lt\cxx-framework\src\traditional\proc\p18f47j13.asm
                      PD3   0x000ebc       data     extern E:\3.46\pic18-lt\cxx-framework\src\traditional\proc\p18f47j13.asm
                  PD3bits   0x000ebc       data     extern E:\3.46\pic18-lt\cxx-framework\src\traditional\proc\p18f47j13.asm
                     PIE1   0x000f9d       data     extern E:\3.46\pic18-lt\cxx-framework\src\traditional\proc\p18f47j13.asm
                 PIE1bits   0x000f9d       data     extern E:\3.46\pic18-lt\cxx-framework\src\traditional\proc\p18f47j13.asm
                     PIE2   0x000fa0       data     extern E:\3.46\pic18-lt\cxx-framework\src\traditional\proc\p18f47j13.asm
                 PIE2bits   0x000fa0       data     extern E:\3.46\pic18-lt\cxx-framework\src\traditional\proc\p18f47j13.asm
                     PIE3   0x000fa3       data     extern E:\3.46\pic18-lt\cxx-framework\src\traditional\proc\p18f47j13.asm
                 PIE3bits   0x000fa3       data     extern E:\3.46\pic18-lt\cxx-framework\src\traditional\proc\p18f47j13.asm
                     PIE4   0x000f8e       data     extern E:\3.46\pic18-lt\cxx-framework\src\traditional\proc\p18f47j13.asm
                 PIE4bits   0x000f8e       data     extern E:\3.46\pic18-lt\cxx-framework\src\traditional\proc\p18f47j13.asm
                     PIE5   0x000f91       data     extern E:\3.46\pic18-lt\cxx-framework\src\traditional\proc\p18f47j13.asm
                 PIE5bits   0x000f91       data     extern E:\3.46\pic18-lt\cxx-framework\src\traditional\proc\p18f47j13.asm
                     PIR1   0x000f9e       data     extern E:\3.46\pic18-lt\cxx-framework\src\traditional\proc\p18f47j13.asm
                 PIR1bits   0x000f9e       data     extern E:\3.46\pic18-lt\cxx-framework\src\traditional\proc\p18f47j13.asm
                     PIR2   0x000fa1       data     extern E:\3.46\pic18-lt\cxx-framework\src\traditional\proc\p18f47j13.asm
                 PIR2bits   0x000fa1       data     extern E:\3.46\pic18-lt\cxx-framework\src\traditional\proc\p18f47j13.asm
                     PIR3   0x000fa4       data     extern E:\3.46\pic18-lt\cxx-framework\src\traditional\proc\p18f47j13.asm
                 PIR3bits   0x000fa4       data     extern E:\3.46\pic18-lt\cxx-framework\src\traditional\proc\p18f47j13.asm
                     PIR4   0x000f8f       data     extern E:\3.46\pic18-lt\cxx-framework\src\traditional\proc\p18f47j13.asm
                 PIR4bits   0x000f8f       data     extern E:\3.46\pic18-lt\cxx-framework\src\traditional\proc\p18f47j13.asm
                     PIR5   0x000f98       data     extern E:\3.46\pic18-lt\cxx-framework\src\traditional\proc\p18f47j13.asm
                 PIR5bits   0x000f98       data     extern E:\3.46\pic18-lt\cxx-framework\src\traditional\proc\p18f47j13.asm
                   PLUSW0   0x000feb       data     extern E:\3.46\pic18-lt\cxx-framework\src\traditional\proc\p18f47j13.asm
                   PLUSW1   0x000fe3       data     extern E:\3.46\pic18-lt\cxx-framework\src\traditional\proc\p18f47j13.asm
                   PLUSW2   0x000fdb       data     extern E:\3.46\pic18-lt\cxx-framework\src\traditional\proc\p18f47j13.asm
                  PMADDRH   0x000f6f       data     extern E:\3.46\pic18-lt\cxx-framework\src\traditional\proc\p18f47j13.asm
              PMADDRHbits   0x000f6f       data     extern E:\3.46\pic18-lt\cxx-framework\src\traditional\proc\p18f47j13.asm
                  PMADDRL   0x000f6e       data     extern E:\3.46\pic18-lt\cxx-framework\src\traditional\proc\p18f47j13.asm
                   PMCONH   0x000f5f       data     extern E:\3.46\pic18-lt\cxx-framework\src\traditional\proc\p18f47j13.asm
               PMCONHbits   0x000f5f       data     extern E:\3.46\pic18-lt\cxx-framework\src\traditional\proc\p18f47j13.asm
                   PMCONL   0x000f5e       data     extern E:\3.46\pic18-lt\cxx-framework\src\traditional\proc\p18f47j13.asm
               PMCONLbits   0x000f5e       data     extern E:\3.46\pic18-lt\cxx-framework\src\traditional\proc\p18f47j13.asm
                  PMDIN1H   0x000f6d       data     extern E:\3.46\pic18-lt\cxx-framework\src\traditional\proc\p18f47j13.asm
                  PMDIN1L   0x000f6c       data     extern E:\3.46\pic18-lt\cxx-framework\src\traditional\proc\p18f47j13.asm
                  PMDIN2H   0x000f59       data     extern E:\3.46\pic18-lt\cxx-framework\src\traditional\proc\p18f47j13.asm
                  PMDIN2L   0x000f58       data     extern E:\3.46\pic18-lt\cxx-framework\src\traditional\proc\p18f47j13.asm
                   PMDIS0   0x000eb9       data     extern E:\3.46\pic18-lt\cxx-framework\src\traditional\proc\p18f47j13.asm
               PMDIS0bits   0x000eb9       data     extern E:\3.46\pic18-lt\cxx-framework\src\traditional\proc\p18f47j13.asm
                   PMDIS1   0x000eba       data     extern E:\3.46\pic18-lt\cxx-framework\src\traditional\proc\p18f47j13.asm
               PMDIS1bits   0x000eba       data     extern E:\3.46\pic18-lt\cxx-framework\src\traditional\proc\p18f47j13.asm
                   PMDIS2   0x000ebb       data     extern E:\3.46\pic18-lt\cxx-framework\src\traditional\proc\p18f47j13.asm
               PMDIS2bits   0x000ebb       data     extern E:\3.46\pic18-lt\cxx-framework\src\traditional\proc\p18f47j13.asm
                   PMDIS3   0x000ebc       data     extern E:\3.46\pic18-lt\cxx-framework\src\traditional\proc\p18f47j13.asm
               PMDIS3bits   0x000ebc       data     extern E:\3.46\pic18-lt\cxx-framework\src\traditional\proc\p18f47j13.asm
                 PMDOUT1H   0x000f6f       data     extern E:\3.46\pic18-lt\cxx-framework\src\traditional\proc\p18f47j13.asm
                 PMDOUT1L   0x000f6e       data     extern E:\3.46\pic18-lt\cxx-framework\src\traditional\proc\p18f47j13.asm
                 PMDOUT2H   0x000f5b       data     extern E:\3.46\pic18-lt\cxx-framework\src\traditional\proc\p18f47j13.asm
                 PMDOUT2L   0x000f5a       data     extern E:\3.46\pic18-lt\cxx-framework\src\traditional\proc\p18f47j13.asm
                     PMEH   0x000f57       data     extern E:\3.46\pic18-lt\cxx-framework\src\traditional\proc\p18f47j13.asm
                 PMEHbits   0x000f57       data     extern E:\3.46\pic18-lt\cxx-framework\src\traditional\proc\p18f47j13.asm
                     PMEL   0x000f56       data     extern E:\3.46\pic18-lt\cxx-framework\src\traditional\proc\p18f47j13.asm
                 PMELbits   0x000f56       data     extern E:\3.46\pic18-lt\cxx-framework\src\traditional\proc\p18f47j13.asm
                  PMMODEH   0x000f5d       data     extern E:\3.46\pic18-lt\cxx-framework\src\traditional\proc\p18f47j13.asm
              PMMODEHbits   0x000f5d       data     extern E:\3.46\pic18-lt\cxx-framework\src\traditional\proc\p18f47j13.asm
                  PMMODEL   0x000f5c       data     extern E:\3.46\pic18-lt\cxx-framework\src\traditional\proc\p18f47j13.asm
              PMMODELbits   0x000f5c       data     extern E:\3.46\pic18-lt\cxx-framework\src\traditional\proc\p18f47j13.asm
                  PMSTATH   0x000f55       data     extern E:\3.46\pic18-lt\cxx-framework\src\traditional\proc\p18f47j13.asm
              PMSTATHbits   0x000f55       data     extern E:\3.46\pic18-lt\cxx-framework\src\traditional\proc\p18f47j13.asm
                  PMSTATL   0x000f54       data     extern E:\3.46\pic18-lt\cxx-framework\src\traditional\proc\p18f47j13.asm
              PMSTATLbits   0x000f54       data     extern E:\3.46\pic18-lt\cxx-framework\src\traditional\proc\p18f47j13.asm
                    PORTA   0x000f80       data     extern E:\3.46\pic18-lt\cxx-framework\src\traditional\proc\p18f47j13.asm
                PORTAbits   0x000f80       data     extern E:\3.46\pic18-lt\cxx-framework\src\traditional\proc\p18f47j13.asm
                    PORTB   0x000f81       data     extern E:\3.46\pic18-lt\cxx-framework\src\traditional\proc\p18f47j13.asm
                PORTBbits   0x000f81       data     extern E:\3.46\pic18-lt\cxx-framework\src\traditional\proc\p18f47j13.asm
                    PORTC   0x000f82       data     extern E:\3.46\pic18-lt\cxx-framework\src\traditional\proc\p18f47j13.asm
                PORTCbits   0x000f82       data     extern E:\3.46\pic18-lt\cxx-framework\src\traditional\proc\p18f47j13.asm
                    PORTD   0x000f83       data     extern E:\3.46\pic18-lt\cxx-framework\src\traditional\proc\p18f47j13.asm
                PORTDbits   0x000f83       data     extern E:\3.46\pic18-lt\cxx-framework\src\traditional\proc\p18f47j13.asm
                    PORTE   0x000f84       data     extern E:\3.46\pic18-lt\cxx-framework\src\traditional\proc\p18f47j13.asm
                PORTEbits   0x000f84       data     extern E:\3.46\pic18-lt\cxx-framework\src\traditional\proc\p18f47j13.asm
                 POSTDEC0   0x000fed       data     extern E:\3.46\pic18-lt\cxx-framework\src\traditional\proc\p18f47j13.asm
                 POSTDEC1   0x000fe5       data     extern E:\3.46\pic18-lt\cxx-framework\src\traditional\proc\p18f47j13.asm
                 POSTDEC2   0x000fdd       data     extern E:\3.46\pic18-lt\cxx-framework\src\traditional\proc\p18f47j13.asm
                 POSTINC0   0x000fee       data     extern E:\3.46\pic18-lt\cxx-framework\src\traditional\proc\p18f47j13.asm
                 POSTINC1   0x000fe6       data     extern E:\3.46\pic18-lt\cxx-framework\src\traditional\proc\p18f47j13.asm
                 POSTINC2   0x000fde       data     extern E:\3.46\pic18-lt\cxx-framework\src\traditional\proc\p18f47j13.asm
                   PPSCON   0x000ebf       data     extern E:\3.46\pic18-lt\cxx-framework\src\traditional\proc\p18f47j13.asm
               PPSCONbits   0x000ebf       data     extern E:\3.46\pic18-lt\cxx-framework\src\traditional\proc\p18f47j13.asm
                      PR2   0x000fcb       data     extern E:\3.46\pic18-lt\cxx-framework\src\traditional\proc\p18f47j13.asm
                      PR4   0x000f77       data     extern E:\3.46\pic18-lt\cxx-framework\src\traditional\proc\p18f47j13.asm
                      PR6   0x000f1f       data     extern E:\3.46\pic18-lt\cxx-framework\src\traditional\proc\p18f47j13.asm
                      PR8   0x000f1c       data     extern E:\3.46\pic18-lt\cxx-framework\src\traditional\proc\p18f47j13.asm
                  PREINC0   0x000fec       data     extern E:\3.46\pic18-lt\cxx-framework\src\traditional\proc\p18f47j13.asm
                  PREINC1   0x000fe4       data     extern E:\3.46\pic18-lt\cxx-framework\src\traditional\proc\p18f47j13.asm
                  PREINC2   0x000fdc       data     extern E:\3.46\pic18-lt\cxx-framework\src\traditional\proc\p18f47j13.asm
                     PROD   0x000ff3       data     extern E:\3.46\pic18-lt\cxx-framework\src\traditional\proc\p18f47j13.asm
                    PRODH   0x000ff4       data     extern E:\3.46\pic18-lt\cxx-framework\src\traditional\proc\p18f47j13.asm
                    PRODL   0x000ff3       data     extern E:\3.46\pic18-lt\cxx-framework\src\traditional\proc\p18f47j13.asm
                 PSTR1CON   0x000fbf       data     extern E:\3.46\pic18-lt\cxx-framework\src\traditional\proc\p18f47j13.asm
             PSTR1CONbits   0x000fbf       data     extern E:\3.46\pic18-lt\cxx-framework\src\traditional\proc\p18f47j13.asm
                 PSTR2CON   0x000fb9       data     extern E:\3.46\pic18-lt\cxx-framework\src\traditional\proc\p18f47j13.asm
             PSTR2CONbits   0x000fb9       data     extern E:\3.46\pic18-lt\cxx-framework\src\traditional\proc\p18f47j13.asm
                 PSTR3CON   0x000f1a       data     extern E:\3.46\pic18-lt\cxx-framework\src\traditional\proc\p18f47j13.asm
             PSTR3CONbits   0x000f1a       data     extern E:\3.46\pic18-lt\cxx-framework\src\traditional\proc\p18f47j13.asm
                  PWM1CON   0x000fbd       data     extern E:\3.46\pic18-lt\cxx-framework\src\traditional\proc\p18f47j13.asm
              PWM1CONbits   0x000fbd       data     extern E:\3.46\pic18-lt\cxx-framework\src\traditional\proc\p18f47j13.asm
                  PWM2CON   0x000fb7       data     extern E:\3.46\pic18-lt\cxx-framework\src\traditional\proc\p18f47j13.asm
              PWM2CONbits   0x000fb7       data     extern E:\3.46\pic18-lt\cxx-framework\src\traditional\proc\p18f47j13.asm
                     RCON   0x000fd0       data     extern E:\3.46\pic18-lt\cxx-framework\src\traditional\proc\p18f47j13.asm
                 RCONbits   0x000fd0       data     extern E:\3.46\pic18-lt\cxx-framework\src\traditional\proc\p18f47j13.asm
                    RCREG   0x000faf       data     extern E:\3.46\pic18-lt\cxx-framework\src\traditional\proc\p18f47j13.asm
                   RCREG1   0x000faf       data     extern E:\3.46\pic18-lt\cxx-framework\src\traditional\proc\p18f47j13.asm
                   RCREG2   0x000faa       data     extern E:\3.46\pic18-lt\cxx-framework\src\traditional\proc\p18f47j13.asm
                    RCSTA   0x000fac       data     extern E:\3.46\pic18-lt\cxx-framework\src\traditional\proc\p18f47j13.asm
                   RCSTA1   0x000fac       data     extern E:\3.46\pic18-lt\cxx-framework\src\traditional\proc\p18f47j13.asm
               RCSTA1bits   0x000fac       data     extern E:\3.46\pic18-lt\cxx-framework\src\traditional\proc\p18f47j13.asm
                   RCSTA2   0x000f9c       data     extern E:\3.46\pic18-lt\cxx-framework\src\traditional\proc\p18f47j13.asm
               RCSTA2bits   0x000f9c       data     extern E:\3.46\pic18-lt\cxx-framework\src\traditional\proc\p18f47j13.asm
                RCSTAbits   0x000fac       data     extern E:\3.46\pic18-lt\cxx-framework\src\traditional\proc\p18f47j13.asm
                  REFOCON   0x000f3d       data     extern E:\3.46\pic18-lt\cxx-framework\src\traditional\proc\p18f47j13.asm
              REFOCONbits   0x000f3d       data     extern E:\3.46\pic18-lt\cxx-framework\src\traditional\proc\p18f47j13.asm
                   RPINR1   0x000ee1       data     extern E:\3.46\pic18-lt\cxx-framework\src\traditional\proc\p18f47j13.asm
                  RPINR12   0x000ef2       data     extern E:\3.46\pic18-lt\cxx-framework\src\traditional\proc\p18f47j13.asm
                  RPINR13   0x000ef3       data     extern E:\3.46\pic18-lt\cxx-framework\src\traditional\proc\p18f47j13.asm
                  RPINR14   0x000ef4       data     extern E:\3.46\pic18-lt\cxx-framework\src\traditional\proc\p18f47j13.asm
                  RPINR15   0x000ee7       data     extern E:\3.46\pic18-lt\cxx-framework\src\traditional\proc\p18f47j13.asm
                  RPINR16   0x000ef7       data     extern E:\3.46\pic18-lt\cxx-framework\src\traditional\proc\p18f47j13.asm
                  RPINR17   0x000ef8       data     extern E:\3.46\pic18-lt\cxx-framework\src\traditional\proc\p18f47j13.asm
                   RPINR2   0x000ee2       data     extern E:\3.46\pic18-lt\cxx-framework\src\traditional\proc\p18f47j13.asm
                  RPINR21   0x000efc       data     extern E:\3.46\pic18-lt\cxx-framework\src\traditional\proc\p18f47j13.asm
                  RPINR22   0x000efd       data     extern E:\3.46\pic18-lt\cxx-framework\src\traditional\proc\p18f47j13.asm
                  RPINR23   0x000efe       data     extern E:\3.46\pic18-lt\cxx-framework\src\traditional\proc\p18f47j13.asm
                  RPINR24   0x000eff       data     extern E:\3.46\pic18-lt\cxx-framework\src\traditional\proc\p18f47j13.asm
                   RPINR3   0x000ee3       data     extern E:\3.46\pic18-lt\cxx-framework\src\traditional\proc\p18f47j13.asm
                   RPINR4   0x000ee4       data     extern E:\3.46\pic18-lt\cxx-framework\src\traditional\proc\p18f47j13.asm
                   RPINR6   0x000ee6       data     extern E:\3.46\pic18-lt\cxx-framework\src\traditional\proc\p18f47j13.asm
                   RPINR7   0x000ee8       data     extern E:\3.46\pic18-lt\cxx-framework\src\traditional\proc\p18f47j13.asm
                   RPINR8   0x000ee9       data     extern E:\3.46\pic18-lt\cxx-framework\src\traditional\proc\p18f47j13.asm
                   RPINR9   0x000eea       data     extern E:\3.46\pic18-lt\cxx-framework\src\traditional\proc\p18f47j13.asm
                    RPOR0   0x000ec0       data     extern E:\3.46\pic18-lt\cxx-framework\src\traditional\proc\p18f47j13.asm
                    RPOR1   0x000ec1       data     extern E:\3.46\pic18-lt\cxx-framework\src\traditional\proc\p18f47j13.asm
                   RPOR10   0x000eca       data     extern E:\3.46\pic18-lt\cxx-framework\src\traditional\proc\p18f47j13.asm
                   RPOR11   0x000ecb       data     extern E:\3.46\pic18-lt\cxx-framework\src\traditional\proc\p18f47j13.asm
                   RPOR12   0x000ecc       data     extern E:\3.46\pic18-lt\cxx-framework\src\traditional\proc\p18f47j13.asm
                   RPOR13   0x000ecd       data     extern E:\3.46\pic18-lt\cxx-framework\src\traditional\proc\p18f47j13.asm
                   RPOR14   0x000ece       data     extern E:\3.46\pic18-lt\cxx-framework\src\traditional\proc\p18f47j13.asm
                   RPOR15   0x000ecf       data     extern E:\3.46\pic18-lt\cxx-framework\src\traditional\proc\p18f47j13.asm
                   RPOR16   0x000ed0       data     extern E:\3.46\pic18-lt\cxx-framework\src\traditional\proc\p18f47j13.asm
                   RPOR17   0x000ed1       data     extern E:\3.46\pic18-lt\cxx-framework\src\traditional\proc\p18f47j13.asm
                   RPOR18   0x000ed2       data     extern E:\3.46\pic18-lt\cxx-framework\src\traditional\proc\p18f47j13.asm
                   RPOR19   0x000ed3       data     extern E:\3.46\pic18-lt\cxx-framework\src\traditional\proc\p18f47j13.asm
                    RPOR2   0x000ec2       data     extern E:\3.46\pic18-lt\cxx-framework\src\traditional\proc\p18f47j13.asm
                   RPOR20   0x000ed4       data     extern E:\3.46\pic18-lt\cxx-framework\src\traditional\proc\p18f47j13.asm
                   RPOR21   0x000ed5       data     extern E:\3.46\pic18-lt\cxx-framework\src\traditional\proc\p18f47j13.asm
                   RPOR22   0x000ed6       data     extern E:\3.46\pic18-lt\cxx-framework\src\traditional\proc\p18f47j13.asm
                   RPOR23   0x000ed7       data     extern E:\3.46\pic18-lt\cxx-framework\src\traditional\proc\p18f47j13.asm
                   RPOR24   0x000ed8       data     extern E:\3.46\pic18-lt\cxx-framework\src\traditional\proc\p18f47j13.asm
                    RPOR3   0x000ec3       data     extern E:\3.46\pic18-lt\cxx-framework\src\traditional\proc\p18f47j13.asm
                    RPOR4   0x000ec4       data     extern E:\3.46\pic18-lt\cxx-framework\src\traditional\proc\p18f47j13.asm
                    RPOR5   0x000ec5       data     extern E:\3.46\pic18-lt\cxx-framework\src\traditional\proc\p18f47j13.asm
                    RPOR6   0x000ec6       data     extern E:\3.46\pic18-lt\cxx-framework\src\traditional\proc\p18f47j13.asm
                    RPOR7   0x000ec7       data     extern E:\3.46\pic18-lt\cxx-framework\src\traditional\proc\p18f47j13.asm
                    RPOR8   0x000ec8       data     extern E:\3.46\pic18-lt\cxx-framework\src\traditional\proc\p18f47j13.asm
                    RPOR9   0x000ec9       data     extern E:\3.46\pic18-lt\cxx-framework\src\traditional\proc\p18f47j13.asm
                   RTCCAL   0x000f3e       data     extern E:\3.46\pic18-lt\cxx-framework\src\traditional\proc\p18f47j13.asm
               RTCCALbits   0x000f3e       data     extern E:\3.46\pic18-lt\cxx-framework\src\traditional\proc\p18f47j13.asm
                   RTCCFG   0x000f3f       data     extern E:\3.46\pic18-lt\cxx-framework\src\traditional\proc\p18f47j13.asm
               RTCCFGbits   0x000f3f       data     extern E:\3.46\pic18-lt\cxx-framework\src\traditional\proc\p18f47j13.asm
                  RTCVALH   0x000f3b       data     extern E:\3.46\pic18-lt\cxx-framework\src\traditional\proc\p18f47j13.asm
                  RTCVALL   0x000f3a       data     extern E:\3.46\pic18-lt\cxx-framework\src\traditional\proc\p18f47j13.asm
                  RXADDRH   0x000f68       data     extern E:\3.46\pic18-lt\cxx-framework\src\traditional\proc\p18f47j13.asm
              RXADDRHbits   0x000f68       data     extern E:\3.46\pic18-lt\cxx-framework\src\traditional\proc\p18f47j13.asm
                  RXADDRL   0x000f69       data     extern E:\3.46\pic18-lt\cxx-framework\src\traditional\proc\p18f47j13.asm
                     SIGN   0x00000e       data     extern E:\3.46\pic18-lt\cxx-framework\src\traditional\math\cmath18.asm
                SIGNATURE   0x000095       data     extern Z:\EOC\StationMeteo\Software\mainDemo.c
                    SPBRG   0x000fb0       data     extern E:\3.46\pic18-lt\cxx-framework\src\traditional\proc\p18f47j13.asm
                   SPBRG1   0x000fb0       data     extern E:\3.46\pic18-lt\cxx-framework\src\traditional\proc\p18f47j13.asm
                   SPBRG2   0x000fab       data     extern E:\3.46\pic18-lt\cxx-framework\src\traditional\proc\p18f47j13.asm
                   SPBRGH   0x000f7f       data     extern E:\3.46\pic18-lt\cxx-framework\src\traditional\proc\p18f47j13.asm
                  SPBRGH1   0x000f7f       data     extern E:\3.46\pic18-lt\cxx-framework\src\traditional\proc\p18f47j13.asm
                  SPBRGH2   0x000f7d       data     extern E:\3.46\pic18-lt\cxx-framework\src\traditional\proc\p18f47j13.asm
                  SSP1ADD   0x000fc8       data     extern E:\3.46\pic18-lt\cxx-framework\src\traditional\proc\p18f47j13.asm
                  SSP1BUF   0x000fc9       data     extern E:\3.46\pic18-lt\cxx-framework\src\traditional\proc\p18f47j13.asm
                 SSP1CON1   0x000fc6       data     extern E:\3.46\pic18-lt\cxx-framework\src\traditional\proc\p18f47j13.asm
             SSP1CON1bits   0x000fc6       data     extern E:\3.46\pic18-lt\cxx-framework\src\traditional\proc\p18f47j13.asm
                 SSP1CON2   0x000fc5       data     extern E:\3.46\pic18-lt\cxx-framework\src\traditional\proc\p18f47j13.asm
             SSP1CON2bits   0x000fc5       data     extern E:\3.46\pic18-lt\cxx-framework\src\traditional\proc\p18f47j13.asm
                  SSP1MSK   0x000fc8       data     extern E:\3.46\pic18-lt\cxx-framework\src\traditional\proc\p18f47j13.asm
              SSP1MSKbits   0x000fc8       data     extern E:\3.46\pic18-lt\cxx-framework\src\traditional\proc\p18f47j13.asm
                 SSP1STAT   0x000fc7       data     extern E:\3.46\pic18-lt\cxx-framework\src\traditional\proc\p18f47j13.asm
             SSP1STATbits   0x000fc7       data     extern E:\3.46\pic18-lt\cxx-framework\src\traditional\proc\p18f47j13.asm
                  SSP2ADD   0x000f74       data     extern E:\3.46\pic18-lt\cxx-framework\src\traditional\proc\p18f47j13.asm
                  SSP2BUF   0x000f75       data     extern E:\3.46\pic18-lt\cxx-framework\src\traditional\proc\p18f47j13.asm
                 SSP2CON1   0x000f72       data     extern E:\3.46\pic18-lt\cxx-framework\src\traditional\proc\p18f47j13.asm
             SSP2CON1bits   0x000f72       data     extern E:\3.46\pic18-lt\cxx-framework\src\traditional\proc\p18f47j13.asm
                 SSP2CON2   0x000f71       data     extern E:\3.46\pic18-lt\cxx-framework\src\traditional\proc\p18f47j13.asm
             SSP2CON2bits   0x000f71       data     extern E:\3.46\pic18-lt\cxx-framework\src\traditional\proc\p18f47j13.asm
                  SSP2MSK   0x000f74       data     extern E:\3.46\pic18-lt\cxx-framework\src\traditional\proc\p18f47j13.asm
              SSP2MSKbits   0x000f74       data     extern E:\3.46\pic18-lt\cxx-framework\src\traditional\proc\p18f47j13.asm
                 SSP2STAT   0x000f73       data     extern E:\3.46\pic18-lt\cxx-framework\src\traditional\proc\p18f47j13.asm
             SSP2STATbits   0x000f73       data     extern E:\3.46\pic18-lt\cxx-framework\src\traditional\proc\p18f47j13.asm
                   SSPADD   0x000fc8       data     extern E:\3.46\pic18-lt\cxx-framework\src\traditional\proc\p18f47j13.asm
                   SSPBUF   0x000fc9       data     extern E:\3.46\pic18-lt\cxx-framework\src\traditional\proc\p18f47j13.asm
                  SSPCON1   0x000fc6       data     extern E:\3.46\pic18-lt\cxx-framework\src\traditional\proc\p18f47j13.asm
              SSPCON1bits   0x000fc6       data     extern E:\3.46\pic18-lt\cxx-framework\src\traditional\proc\p18f47j13.asm
                  SSPCON2   0x000fc5       data     extern E:\3.46\pic18-lt\cxx-framework\src\traditional\proc\p18f47j13.asm
              SSPCON2bits   0x000fc5       data     extern E:\3.46\pic18-lt\cxx-framework\src\traditional\proc\p18f47j13.asm
                  SSPSTAT   0x000fc7       data     extern E:\3.46\pic18-lt\cxx-framework\src\traditional\proc\p18f47j13.asm
              SSPSTATbits   0x000fc7       data     extern E:\3.46\pic18-lt\cxx-framework\src\traditional\proc\p18f47j13.asm
                   STATUS   0x000fd8       data     extern E:\3.46\pic18-lt\cxx-framework\src\traditional\proc\p18f47j13.asm
               STATUSbits   0x000fd8       data     extern E:\3.46\pic18-lt\cxx-framework\src\traditional\proc\p18f47j13.asm
                   STKPTR   0x000ffc       data     extern E:\3.46\pic18-lt\cxx-framework\src\traditional\proc\p18f47j13.asm
               STKPTRbits   0x000ffc       data     extern E:\3.46\pic18-lt\cxx-framework\src\traditional\proc\p18f47j13.asm
                    T0CON   0x000fd5       data     extern E:\3.46\pic18-lt\cxx-framework\src\traditional\proc\p18f47j13.asm
                T0CONbits   0x000fd5       data     extern E:\3.46\pic18-lt\cxx-framework\src\traditional\proc\p18f47j13.asm
                    T1CON   0x000fcd       data     extern E:\3.46\pic18-lt\cxx-framework\src\traditional\proc\p18f47j13.asm
                T1CONbits   0x000fcd       data     extern E:\3.46\pic18-lt\cxx-framework\src\traditional\proc\p18f47j13.asm
                   T1GCON   0x000f9a       data     extern E:\3.46\pic18-lt\cxx-framework\src\traditional\proc\p18f47j13.asm
               T1GCONbits   0x000f9a       data     extern E:\3.46\pic18-lt\cxx-framework\src\traditional\proc\p18f47j13.asm
                    T2CON   0x000fca       data     extern E:\3.46\pic18-lt\cxx-framework\src\traditional\proc\p18f47j13.asm
                T2CONbits   0x000fca       data     extern E:\3.46\pic18-lt\cxx-framework\src\traditional\proc\p18f47j13.asm
                    T3CON   0x000f79       data     extern E:\3.46\pic18-lt\cxx-framework\src\traditional\proc\p18f47j13.asm
                T3CONbits   0x000f79       data     extern E:\3.46\pic18-lt\cxx-framework\src\traditional\proc\p18f47j13.asm
                   T3GCON   0x000f97       data     extern E:\3.46\pic18-lt\cxx-framework\src\traditional\proc\p18f47j13.asm
               T3GCONbits   0x000f97       data     extern E:\3.46\pic18-lt\cxx-framework\src\traditional\proc\p18f47j13.asm
                    T4CON   0x000f76       data     extern E:\3.46\pic18-lt\cxx-framework\src\traditional\proc\p18f47j13.asm
                T4CONbits   0x000f76       data     extern E:\3.46\pic18-lt\cxx-framework\src\traditional\proc\p18f47j13.asm
                    T5CON   0x000f22       data     extern E:\3.46\pic18-lt\cxx-framework\src\traditional\proc\p18f47j13.asm
                T5CONbits   0x000f22       data     extern E:\3.46\pic18-lt\cxx-framework\src\traditional\proc\p18f47j13.asm
                   T5GCON   0x000f21       data     extern E:\3.46\pic18-lt\cxx-framework\src\traditional\proc\p18f47j13.asm
               T5GCONbits   0x000f21       data     extern E:\3.46\pic18-lt\cxx-framework\src\traditional\proc\p18f47j13.asm
                    T6CON   0x000f1e       data     extern E:\3.46\pic18-lt\cxx-framework\src\traditional\proc\p18f47j13.asm
                T6CONbits   0x000f1e       data     extern E:\3.46\pic18-lt\cxx-framework\src\traditional\proc\p18f47j13.asm
                    T8CON   0x000f1b       data     extern E:\3.46\pic18-lt\cxx-framework\src\traditional\proc\p18f47j13.asm
                T8CONbits   0x000f1b       data     extern E:\3.46\pic18-lt\cxx-framework\src\traditional\proc\p18f47j13.asm
                   TABLAT   0x000ff5       data     extern E:\3.46\pic18-lt\cxx-framework\src\traditional\proc\p18f47j13.asm
                   TBLPTR   0x000ff6       data     extern E:\3.46\pic18-lt\cxx-framework\src\traditional\proc\p18f47j13.asm
                  TBLPTRH   0x000ff7       data     extern E:\3.46\pic18-lt\cxx-framework\src\traditional\proc\p18f47j13.asm
                  TBLPTRL   0x000ff6       data     extern E:\3.46\pic18-lt\cxx-framework\src\traditional\proc\p18f47j13.asm
                  TBLPTRU   0x000ff8       data     extern E:\3.46\pic18-lt\cxx-framework\src\traditional\proc\p18f47j13.asm
                    TMR0H   0x000fd7       data     extern E:\3.46\pic18-lt\cxx-framework\src\traditional\proc\p18f47j13.asm
                    TMR0L   0x000fd6       data     extern E:\3.46\pic18-lt\cxx-framework\src\traditional\proc\p18f47j13.asm
                    TMR1H   0x000fcf       data     extern E:\3.46\pic18-lt\cxx-framework\src\traditional\proc\p18f47j13.asm
                    TMR1L   0x000fce       data     extern E:\3.46\pic18-lt\cxx-framework\src\traditional\proc\p18f47j13.asm
                     TMR2   0x000fcc       data     extern E:\3.46\pic18-lt\cxx-framework\src\traditional\proc\p18f47j13.asm
                    TMR3H   0x000f7b       data     extern E:\3.46\pic18-lt\cxx-framework\src\traditional\proc\p18f47j13.asm
                    TMR3L   0x000f7a       data     extern E:\3.46\pic18-lt\cxx-framework\src\traditional\proc\p18f47j13.asm
                     TMR4   0x000f78       data     extern E:\3.46\pic18-lt\cxx-framework\src\traditional\proc\p18f47j13.asm
                    TMR5H   0x000f24       data     extern E:\3.46\pic18-lt\cxx-framework\src\traditional\proc\p18f47j13.asm
                    TMR5L   0x000f23       data     extern E:\3.46\pic18-lt\cxx-framework\src\traditional\proc\p18f47j13.asm
                     TMR6   0x000f20       data     extern E:\3.46\pic18-lt\cxx-framework\src\traditional\proc\p18f47j13.asm
                     TMR8   0x000f1d       data     extern E:\3.46\pic18-lt\cxx-framework\src\traditional\proc\p18f47j13.asm
                      TOS   0x000ffd       data     extern E:\3.46\pic18-lt\cxx-framework\src\traditional\proc\p18f47j13.asm
                     TOSH   0x000ffe       data     extern E:\3.46\pic18-lt\cxx-framework\src\traditional\proc\p18f47j13.asm
                     TOSL   0x000ffd       data     extern E:\3.46\pic18-lt\cxx-framework\src\traditional\proc\p18f47j13.asm
                     TOSU   0x000fff       data     extern E:\3.46\pic18-lt\cxx-framework\src\traditional\proc\p18f47j13.asm
                    TRISA   0x000f92       data     extern E:\3.46\pic18-lt\cxx-framework\src\traditional\proc\p18f47j13.asm
                TRISAbits   0x000f92       data     extern E:\3.46\pic18-lt\cxx-framework\src\traditional\proc\p18f47j13.asm
                    TRISB   0x000f93       data     extern E:\3.46\pic18-lt\cxx-framework\src\traditional\proc\p18f47j13.asm
                TRISBbits   0x000f93       data     extern E:\3.46\pic18-lt\cxx-framework\src\traditional\proc\p18f47j13.asm
                    TRISC   0x000f94       data     extern E:\3.46\pic18-lt\cxx-framework\src\traditional\proc\p18f47j13.asm
                TRISCbits   0x000f94       data     extern E:\3.46\pic18-lt\cxx-framework\src\traditional\proc\p18f47j13.asm
                    TRISD   0x000f95       data     extern E:\3.46\pic18-lt\cxx-framework\src\traditional\proc\p18f47j13.asm
                TRISDbits   0x000f95       data     extern E:\3.46\pic18-lt\cxx-framework\src\traditional\proc\p18f47j13.asm
                    TRISE   0x000f96       data     extern E:\3.46\pic18-lt\cxx-framework\src\traditional\proc\p18f47j13.asm
                TRISEbits   0x000f96       data     extern E:\3.46\pic18-lt\cxx-framework\src\traditional\proc\p18f47j13.asm
                  TXADDRH   0x000f6a       data     extern E:\3.46\pic18-lt\cxx-framework\src\traditional\proc\p18f47j13.asm
              TXADDRHbits   0x000f6a       data     extern E:\3.46\pic18-lt\cxx-framework\src\traditional\proc\p18f47j13.asm
                  TXADDRL   0x000f6b       data     extern E:\3.46\pic18-lt\cxx-framework\src\traditional\proc\p18f47j13.asm
                    TXREG   0x000fae       data     extern E:\3.46\pic18-lt\cxx-framework\src\traditional\proc\p18f47j13.asm
                   TXREG1   0x000fae       data     extern E:\3.46\pic18-lt\cxx-framework\src\traditional\proc\p18f47j13.asm
                   TXREG2   0x000fa9       data     extern E:\3.46\pic18-lt\cxx-framework\src\traditional\proc\p18f47j13.asm
                    TXSTA   0x000fad       data     extern E:\3.46\pic18-lt\cxx-framework\src\traditional\proc\p18f47j13.asm
                   TXSTA1   0x000fad       data     extern E:\3.46\pic18-lt\cxx-framework\src\traditional\proc\p18f47j13.asm
               TXSTA1bits   0x000fad       data     extern E:\3.46\pic18-lt\cxx-framework\src\traditional\proc\p18f47j13.asm
                   TXSTA2   0x000fa8       data     extern E:\3.46\pic18-lt\cxx-framework\src\traditional\proc\p18f47j13.asm
               TXSTA2bits   0x000fa8       data     extern E:\3.46\pic18-lt\cxx-framework\src\traditional\proc\p18f47j13.asm
                TXSTAbits   0x000fad       data     extern E:\3.46\pic18-lt\cxx-framework\src\traditional\proc\p18f47j13.asm
                   WDTCON   0x000fc0       data     extern E:\3.46\pic18-lt\cxx-framework\src\traditional\proc\p18f47j13.asm
               WDTCONbits   0x000fc0       data     extern E:\3.46\pic18-lt\cxx-framework\src\traditional\proc\p18f47j13.asm
                     WREG   0x000fe8       data     extern E:\3.46\pic18-lt\cxx-framework\src\traditional\proc\p18f47j13.asm
                 __AARGB0   0x000007       data     extern E:\3.46\pic18-lt\cxx-framework\src\traditional\math\aarg.asm
                 __AARGB1   0x000006       data     extern E:\3.46\pic18-lt\cxx-framework\src\traditional\math\aarg.asm
                 __AARGB2   0x000005       data     extern E:\3.46\pic18-lt\cxx-framework\src\traditional\math\aarg.asm
                 __AARGB3   0x000004       data     extern E:\3.46\pic18-lt\cxx-framework\src\traditional\math\aarg.asm
                 __AARGB4   0x000003       data     extern E:\3.46\pic18-lt\cxx-framework\src\traditional\math\aarg.asm
                 __AARGB5   0x000002       data     extern E:\3.46\pic18-lt\cxx-framework\src\traditional\math\aarg.asm
                 __AARGB6   0x000001       data     extern E:\3.46\pic18-lt\cxx-framework\src\traditional\math\aarg.asm
                 __AARGB7   0x000000       data     extern E:\3.46\pic18-lt\cxx-framework\src\traditional\math\aarg.asm
                   __AEXP   0x000008       data     extern E:\3.46\pic18-lt\cxx-framework\src\traditional\math\aarg.asm
                 __BARGB0   0x00000c       data     extern E:\3.46\pic18-lt\cxx-framework\src\traditional\math\barg.asm
                 __BARGB1   0x00000b       data     extern E:\3.46\pic18-lt\cxx-framework\src\traditional\math\barg.asm
                 __BARGB2   0x00000a       data     extern E:\3.46\pic18-lt\cxx-framework\src\traditional\math\barg.asm
                 __BARGB3   0x000009       data     extern E:\3.46\pic18-lt\cxx-framework\src\traditional\math\barg.asm
                   __BEXP   0x00000d       data     extern E:\3.46\pic18-lt\cxx-framework\src\traditional\math\barg.asm
                __FPFLAGS   0x00000f       data     extern E:\3.46\pic18-lt\cxx-framework\src\traditional\math\cmath18.asm
            __FPFLAGSbits   0x00000f       data     extern E:\3.46\pic18-lt\cxx-framework\src\traditional\math\cmath18.asm
                  __REMB0   0x000003       data     extern E:\3.46\pic18-lt\cxx-framework\src\traditional\math\aarg.asm
                  __REMB1   0x000002       data     extern E:\3.46\pic18-lt\cxx-framework\src\traditional\math\aarg.asm
                  __REMB2   0x000001       data     extern E:\3.46\pic18-lt\cxx-framework\src\traditional\math\aarg.asm
                  __REMB3   0x000000       data     extern E:\3.46\pic18-lt\cxx-framework\src\traditional\math\aarg.asm
                  __tmp_0   0x000010       data     static Z:\EOC\StationMeteo\Software\temperature.c
                  __tmp_0   0x000010       data     static Z:\EOC\StationMeteo\Software\ADCConfig.c
                  __tmp_0   0x000010       data     static Z:\EOC\StationMeteo\Software\humidite.c
                  __tmp_0   0x000010       data     static E:\3.46\pic18-lt\cxx-framework\src\pmc_common\ADC\adcsetch.c
                  __tmp_0   0x000010       data     static E:\3.46\pic18-lt\cxx-framework\src\pmc_common\rtcc\RtccWriteTimeDate.c
                curr_byte   0x000099       data     static E:\3.46\pic18-lt\cxx-framework\src\traditional\startup\c018i.c
               curr_entry   0x00009b       data     static E:\3.46\pic18-lt\cxx-framework\src\traditional\startup\c018i.c
                 data_ptr   0x00009d       data     static E:\3.46\pic18-lt\cxx-framework\src\traditional\startup\c018i.c
                     date   0x000084       data     extern Z:\EOC\StationMeteo\Software\RTCCConfig.c
                   depart   0x000078       data     extern Z:\EOC\StationMeteo\Software\RTCCConfig.c
                     hour   0x00006e       data     extern Z:\EOC\StationMeteo\Software\mainDemo.c
                      hum   0x000064       data     extern Z:\EOC\StationMeteo\Software\mainDemo.c
              instruction   0x00008c       data     extern Z:\EOC\StationMeteo\Software\mainDemo.c
             instruction1   0x000088       data     extern Z:\EOC\StationMeteo\Software\mainDemo.c
                     mday   0x000072       data     extern Z:\EOC\StationMeteo\Software\mainDemo.c
                      min   0x00006c       data     extern Z:\EOC\StationMeteo\Software\mainDemo.c
                      mon   0x000074       data     extern Z:\EOC\StationMeteo\Software\mainDemo.c
                  portADC   0x000068       data     extern Z:\EOC\StationMeteo\Software\mainDemo.c
                     prom   0x000096       data     static E:\3.46\pic18-lt\cxx-framework\src\traditional\startup\c018i.c
                      sec   0x00006a       data     extern Z:\EOC\StationMeteo\Software\mainDemo.c
              temperature   0x000060       data     extern Z:\EOC\StationMeteo\Software\mainDemo.c
                     time   0x000080       data     extern Z:\EOC\StationMeteo\Software\RTCCConfig.c
                     wday   0x000070       data     extern Z:\EOC\StationMeteo\Software\mainDemo.c
                     year   0x000076       data     extern Z:\EOC\StationMeteo\Software\mainDemo.c



                              Symbols - Sorted by Address
                     Name    Address   Location    Storage File                     
                ---------  ---------  ---------  --------- ---------                
                   _entry   0x000000    program     extern E:\3.46\pic18-lt\cxx-framework\src\traditional\startup\c018i.c
       ___return_lbl00000   0x000004    program     static                          
        RtccWriteTimeDate   0x000014    program     extern E:\3.46\pic18-lt\cxx-framework\src\pmc_common\rtcc\RtccWriteTimeDate.c
                   __pa_0   0x00015e    program     static E:\3.46\pic18-lt\cxx-framework\src\pmc_common\rtcc\RtccWriteTimeDate.c
                   __pa_1   0x00016c    program     static E:\3.46\pic18-lt\cxx-framework\src\pmc_common\rtcc\RtccWriteTimeDate.c
                   __pa_2   0x000176    program     static E:\3.46\pic18-lt\cxx-framework\src\pmc_common\rtcc\RtccWriteTimeDate.c
                   __pa_3   0x000182    program     static E:\3.46\pic18-lt\cxx-framework\src\pmc_common\rtcc\RtccWriteTimeDate.c
                   __pa_4   0x000190    program     static E:\3.46\pic18-lt\cxx-framework\src\pmc_common\rtcc\RtccWriteTimeDate.c
                 lireTemp   0x000196    program     extern Z:\EOC\StationMeteo\Software\temperature.c
             lireHumidite   0x0002d4    program     extern Z:\EOC\StationMeteo\Software\humidite.c
             RtccReadDate   0x000406    program     extern E:\3.46\pic18-lt\cxx-framework\src\pmc_common\rtcc\RtccReadDate.c
                   __pa_0   0x0004c4    program     static E:\3.46\pic18-lt\cxx-framework\src\pmc_common\rtcc\RtccReadDate.c
                   __pa_1   0x0004cc    program     static E:\3.46\pic18-lt\cxx-framework\src\pmc_common\rtcc\RtccReadDate.c
[...]
                   EECON2   0x000fa7       data     extern E:\3.46\pic18-lt\cxx-framework\src\traditional\proc\p18f47j13.asm
               TXSTA2bits   0x000fa8       data     extern E:\3.46\pic18-lt\cxx-framework\src\traditional\proc\p18f47j13.asm
                   TXSTA2   0x000fa8       data     extern E:\3.46\pic18-lt\cxx-framework\src\traditional\proc\p18f47j13.asm
                   TXREG2   0x000fa9       data     extern E:\3.46\pic18-lt\cxx-framework\src\traditional\proc\p18f47j13.asm
                   RCREG2   0x000faa       data     extern E:\3.46\pic18-lt\cxx-framework\src\traditional\proc\p18f47j13.asm
                   SPBRG2   0x000fab       data     extern E:\3.46\pic18-lt\cxx-framework\src\traditional\proc\p18f47j13.asm
                    RCSTA   0x000fac       data     extern E:\3.46\pic18-lt\cxx-framework\src\traditional\proc\p18f47j13.asm
                   RCSTA1   0x000fac       data     extern E:\3.46\pic18-lt\cxx-framework\src\traditional\proc\p18f47j13.asm
               RCSTA1bits   0x000fac       data     extern E:\3.46\pic18-lt\cxx-framework\src\traditional\proc\p18f47j13.asm
                RCSTAbits   0x000fac       data     extern E:\3.46\pic18-lt\cxx-framework\src\traditional\proc\p18f47j13.asm
                    TXSTA   0x000fad       data     extern E:\3.46\pic18-lt\cxx-framework\src\traditional\proc\p18f47j13.asm
               TXSTA1bits   0x000fad       data     extern E:\3.46\pic18-lt\cxx-framework\src\traditional\proc\p18f47j13.asm
                   TXSTA1   0x000fad       data     extern E:\3.46\pic18-lt\cxx-framework\src\traditional\proc\p18f47j13.asm
                TXSTAbits   0x000fad       data     extern E:\3.46\pic18-lt\cxx-framework\src\traditional\proc\p18f47j13.asm
                    TXREG   0x000fae       data     extern E:\3.46\pic18-lt\cxx-framework\src\traditional\proc\p18f47j13.asm
                   TXREG1   0x000fae       data     extern E:\3.46\pic18-lt\cxx-framework\src\traditional\proc\p18f47j13.asm
                    RCREG   0x000faf       data     extern E:\3.46\pic18-lt\cxx-framework\src\traditional\proc\p18f47j13.asm
                   RCREG1   0x000faf       data     extern E:\3.46\pic18-lt\cxx-framework\src\traditional\proc\p18f47j13.asm
                   SPBRG1   0x000fb0       data     extern E:\3.46\pic18-lt\cxx-framework\src\traditional\proc\p18f47j13.asm
                    SPBRG   0x000fb0       data     extern E:\3.46\pic18-lt\cxx-framework\src\traditional\proc\p18f47j13.asm
                 CTMUICON   0x000fb1       data     extern E:\3.46\pic18-lt\cxx-framework\src\traditional\proc\p18f47j13.asm
             CTMUICONbits   0x000fb1       data     extern E:\3.46\pic18-lt\cxx-framework\src\traditional\proc\p18f47j13.asm
             CTMUCONLbits   0x000fb2       data     extern E:\3.46\pic18-lt\cxx-framework\src\traditional\proc\p18f47j13.asm
                 CTMUCONL   0x000fb2       data     extern E:\3.46\pic18-lt\cxx-framework\src\traditional\proc\p18f47j13.asm
             CTMUCONHbits   0x000fb3       data     extern E:\3.46\pic18-lt\cxx-framework\src\traditional\proc\p18f47j13.asm
                 CTMUCONH   0x000fb3       data     extern E:\3.46\pic18-lt\cxx-framework\src\traditional\proc\p18f47j13.asm
             ECCP2CONbits   0x000fb4       data     extern E:\3.46\pic18-lt\cxx-framework\src\traditional\proc\p18f47j13.asm
              CCP2CONbits   0x000fb4       data     extern E:\3.46\pic18-lt\cxx-framework\src\traditional\proc\p18f47j13.asm
                  CCP2CON   0x000fb4       data     extern E:\3.46\pic18-lt\cxx-framework\src\traditional\proc\p18f47j13.asm
                 ECCP2CON   0x000fb4       data     extern E:\3.46\pic18-lt\cxx-framework\src\traditional\proc\p18f47j13.asm
                    CCPR2   0x000fb5       data     extern E:\3.46\pic18-lt\cxx-framework\src\traditional\proc\p18f47j13.asm
                   CCPR2L   0x000fb5       data     extern E:\3.46\pic18-lt\cxx-framework\src\traditional\proc\p18f47j13.asm
                   CCPR2H   0x000fb6       data     extern E:\3.46\pic18-lt\cxx-framework\src\traditional\proc\p18f47j13.asm
             ECCP2DELbits   0x000fb7       data     extern E:\3.46\pic18-lt\cxx-framework\src\traditional\proc\p18f47j13.asm
                 ECCP2DEL   0x000fb7       data     extern E:\3.46\pic18-lt\cxx-framework\src\traditional\proc\p18f47j13.asm
                  PWM2CON   0x000fb7       data     extern E:\3.46\pic18-lt\cxx-framework\src\traditional\proc\p18f47j13.asm
              PWM2CONbits   0x000fb7       data     extern E:\3.46\pic18-lt\cxx-framework\src\traditional\proc\p18f47j13.asm
                  ECCP2AS   0x000fb8       data     extern E:\3.46\pic18-lt\cxx-framework\src\traditional\proc\p18f47j13.asm
              ECCP2ASbits   0x000fb8       data     extern E:\3.46\pic18-lt\cxx-framework\src\traditional\proc\p18f47j13.asm
             PSTR2CONbits   0x000fb9       data     extern E:\3.46\pic18-lt\cxx-framework\src\traditional\proc\p18f47j13.asm
                 PSTR2CON   0x000fb9       data     extern E:\3.46\pic18-lt\cxx-framework\src\traditional\proc\p18f47j13.asm
                 ECCP1CON   0x000fba       data     extern E:\3.46\pic18-lt\cxx-framework\src\traditional\proc\p18f47j13.asm
             ECCP1CONbits   0x000fba       data     extern E:\3.46\pic18-lt\cxx-framework\src\traditional\proc\p18f47j13.asm
                  CCP1CON   0x000fba       data     extern E:\3.46\pic18-lt\cxx-framework\src\traditional\proc\p18f47j13.asm
              CCP1CONbits   0x000fba       data     extern E:\3.46\pic18-lt\cxx-framework\src\traditional\proc\p18f47j13.asm
                    CCPR1   0x000fbb       data     extern E:\3.46\pic18-lt\cxx-framework\src\traditional\proc\p18f47j13.asm
                   CCPR1L   0x000fbb       data     extern E:\3.46\pic18-lt\cxx-framework\src\traditional\proc\p18f47j13.asm
                   CCPR1H   0x000fbc       data     extern E:\3.46\pic18-lt\cxx-framework\src\traditional\proc\p18f47j13.asm
             ECCP1DELbits   0x000fbd       data     extern E:\3.46\pic18-lt\cxx-framework\src\traditional\proc\p18f47j13.asm
                 ECCP1DEL   0x000fbd       data     extern E:\3.46\pic18-lt\cxx-framework\src\traditional\proc\p18f47j13.asm
              PWM1CONbits   0x000fbd       data     extern E:\3.46\pic18-lt\cxx-framework\src\traditional\proc\p18f47j13.asm
                  PWM1CON   0x000fbd       data     extern E:\3.46\pic18-lt\cxx-framework\src\traditional\proc\p18f47j13.asm
                  ECCP1AS   0x000fbe       data     extern E:\3.46\pic18-lt\cxx-framework\src\traditional\proc\p18f47j13.asm
              ECCP1ASbits   0x000fbe       data     extern E:\3.46\pic18-lt\cxx-framework\src\traditional\proc\p18f47j13.asm
             PSTR1CONbits   0x000fbf       data     extern E:\3.46\pic18-lt\cxx-framework\src\traditional\proc\p18f47j13.asm
                 PSTR1CON   0x000fbf       data     extern E:\3.46\pic18-lt\cxx-framework\src\traditional\proc\p18f47j13.asm
               WDTCONbits   0x000fc0       data     extern E:\3.46\pic18-lt\cxx-framework\src\traditional\proc\p18f47j13.asm
                   WDTCON   0x000fc0       data     extern E:\3.46\pic18-lt\cxx-framework\src\traditional\proc\p18f47j13.asm
                   ADCON1   0x000fc1       data     extern E:\3.46\pic18-lt\cxx-framework\src\traditional\proc\p18f47j13.asm
               ADCON1bits   0x000fc1       data     extern E:\3.46\pic18-lt\cxx-framework\src\traditional\proc\p18f47j13.asm
                   ADCON0   0x000fc2       data     extern E:\3.46\pic18-lt\cxx-framework\src\traditional\proc\p18f47j13.asm
               ADCON0bits   0x000fc2       data     extern E:\3.46\pic18-lt\cxx-framework\src\traditional\proc\p18f47j13.asm
                    ADRES   0x000fc3       data     extern E:\3.46\pic18-lt\cxx-framework\src\traditional\proc\p18f47j13.asm
                   ADRESL   0x000fc3       data     extern E:\3.46\pic18-lt\cxx-framework\src\traditional\proc\p18f47j13.asm
                   ADRESH   0x000fc4       data     extern E:\3.46\pic18-lt\cxx-framework\src\traditional\proc\p18f47j13.asm
                 SSP1CON2   0x000fc5       data     extern E:\3.46\pic18-lt\cxx-framework\src\traditional\proc\p18f47j13.asm
              SSPCON2bits   0x000fc5       data     extern E:\3.46\pic18-lt\cxx-framework\src\traditional\proc\p18f47j13.asm
             SSP1CON2bits   0x000fc5       data     extern E:\3.46\pic18-lt\cxx-framework\src\traditional\proc\p18f47j13.asm
                  SSPCON2   0x000fc5       data     extern E:\3.46\pic18-lt\cxx-framework\src\traditional\proc\p18f47j13.asm
                  SSPCON1   0x000fc6       data     extern E:\3.46\pic18-lt\cxx-framework\src\traditional\proc\p18f47j13.asm
              SSPCON1bits   0x000fc6       data     extern E:\3.46\pic18-lt\cxx-framework\src\traditional\proc\p18f47j13.asm
             SSP1CON1bits   0x000fc6       data     extern E:\3.46\pic18-lt\cxx-framework\src\traditional\proc\p18f47j13.asm
                 SSP1CON1   0x000fc6       data     extern E:\3.46\pic18-lt\cxx-framework\src\traditional\proc\p18f47j13.asm
             SSP1STATbits   0x000fc7       data     extern E:\3.46\pic18-lt\cxx-framework\src\traditional\proc\p18f47j13.asm
                 SSP1STAT   0x000fc7       data     extern E:\3.46\pic18-lt\cxx-framework\src\traditional\proc\p18f47j13.asm
              SSPSTATbits   0x000fc7       data     extern E:\3.46\pic18-lt\cxx-framework\src\traditional\proc\p18f47j13.asm
                  SSPSTAT   0x000fc7       data     extern E:\3.46\pic18-lt\cxx-framework\src\traditional\proc\p18f47j13.asm
                  SSP1MSK   0x000fc8       data     extern E:\3.46\pic18-lt\cxx-framework\src\traditional\proc\p18f47j13.asm
              SSP1MSKbits   0x000fc8       data     extern E:\3.46\pic18-lt\cxx-framework\src\traditional\proc\p18f47j13.asm
                  SSP1ADD   0x000fc8       data     extern E:\3.46\pic18-lt\cxx-framework\src\traditional\proc\p18f47j13.asm
                   SSPADD   0x000fc8       data     extern E:\3.46\pic18-lt\cxx-framework\src\traditional\proc\p18f47j13.asm
                  SSP1BUF   0x000fc9       data     extern E:\3.46\pic18-lt\cxx-framework\src\traditional\proc\p18f47j13.asm
                   SSPBUF   0x000fc9       data     extern E:\3.46\pic18-lt\cxx-framework\src\traditional\proc\p18f47j13.asm
                    T2CON   0x000fca       data     extern E:\3.46\pic18-lt\cxx-framework\src\traditional\proc\p18f47j13.asm
                T2CONbits   0x000fca       data     extern E:\3.46\pic18-lt\cxx-framework\src\traditional\proc\p18f47j13.asm
                      PR2   0x000fcb       data     extern E:\3.46\pic18-lt\cxx-framework\src\traditional\proc\p18f47j13.asm
                     TMR2   0x000fcc       data     extern E:\3.46\pic18-lt\cxx-framework\src\traditional\proc\p18f47j13.asm
                T1CONbits   0x000fcd       data     extern E:\3.46\pic18-lt\cxx-framework\src\traditional\proc\p18f47j13.asm
                    T1CON   0x000fcd       data     extern E:\3.46\pic18-lt\cxx-framework\src\traditional\proc\p18f47j13.asm
                    TMR1L   0x000fce       data     extern E:\3.46\pic18-lt\cxx-framework\src\traditional\proc\p18f47j13.asm
                    TMR1H   0x000fcf       data     extern E:\3.46\pic18-lt\cxx-framework\src\traditional\proc\p18f47j13.asm
                     RCON   0x000fd0       data     extern E:\3.46\pic18-lt\cxx-framework\src\traditional\proc\p18f47j13.asm
                 RCONbits   0x000fd0       data     extern E:\3.46\pic18-lt\cxx-framework\src\traditional\proc\p18f47j13.asm
                   CM2CON   0x000fd1       data     extern E:\3.46\pic18-lt\cxx-framework\src\traditional\proc\p18f47j13.asm
                  CM2CON1   0x000fd1       data     extern E:\3.46\pic18-lt\cxx-framework\src\traditional\proc\p18f47j13.asm
              CM2CON1bits   0x000fd1       data     extern E:\3.46\pic18-lt\cxx-framework\src\traditional\proc\p18f47j13.asm
               CM2CONbits   0x000fd1       data     extern E:\3.46\pic18-lt\cxx-framework\src\traditional\proc\p18f47j13.asm
               CM1CONbits   0x000fd2       data     extern E:\3.46\pic18-lt\cxx-framework\src\traditional\proc\p18f47j13.asm
              CM1CON1bits   0x000fd2       data     extern E:\3.46\pic18-lt\cxx-framework\src\traditional\proc\p18f47j13.asm
                   CM1CON   0x000fd2       data     extern E:\3.46\pic18-lt\cxx-framework\src\traditional\proc\p18f47j13.asm
                  CM1CON1   0x000fd2       data     extern E:\3.46\pic18-lt\cxx-framework\src\traditional\proc\p18f47j13.asm
                   OSCCON   0x000fd3       data     extern E:\3.46\pic18-lt\cxx-framework\src\traditional\proc\p18f47j13.asm
               OSCCONbits   0x000fd3       data     extern E:\3.46\pic18-lt\cxx-framework\src\traditional\proc\p18f47j13.asm
                T0CONbits   0x000fd5       data     extern E:\3.46\pic18-lt\cxx-framework\src\traditional\proc\p18f47j13.asm
                    T0CON   0x000fd5       data     extern E:\3.46\pic18-lt\cxx-framework\src\traditional\proc\p18f47j13.asm
                    TMR0L   0x000fd6       data     extern E:\3.46\pic18-lt\cxx-framework\src\traditional\proc\p18f47j13.asm
                    TMR0H   0x000fd7       data     extern E:\3.46\pic18-lt\cxx-framework\src\traditional\proc\p18f47j13.asm
                   STATUS   0x000fd8       data     extern E:\3.46\pic18-lt\cxx-framework\src\traditional\proc\p18f47j13.asm
               STATUSbits   0x000fd8       data     extern E:\3.46\pic18-lt\cxx-framework\src\traditional\proc\p18f47j13.asm
                     FSR2   0x000fd9       data     extern E:\3.46\pic18-lt\cxx-framework\src\traditional\proc\p18f47j13.asm
                    FSR2L   0x000fd9       data     extern E:\3.46\pic18-lt\cxx-framework\src\traditional\proc\p18f47j13.asm
                    FSR2H   0x000fda       data     extern E:\3.46\pic18-lt\cxx-framework\src\traditional\proc\p18f47j13.asm
                   PLUSW2   0x000fdb       data     extern E:\3.46\pic18-lt\cxx-framework\src\traditional\proc\p18f47j13.asm
                  PREINC2   0x000fdc       data     extern E:\3.46\pic18-lt\cxx-framework\src\traditional\proc\p18f47j13.asm
                 POSTDEC2   0x000fdd       data     extern E:\3.46\pic18-lt\cxx-framework\src\traditional\proc\p18f47j13.asm
                 POSTINC2   0x000fde       data     extern E:\3.46\pic18-lt\cxx-framework\src\traditional\proc\p18f47j13.asm
                    INDF2   0x000fdf       data     extern E:\3.46\pic18-lt\cxx-framework\src\traditional\proc\p18f47j13.asm
                      BSR   0x000fe0       data     extern E:\3.46\pic18-lt\cxx-framework\src\traditional\proc\p18f47j13.asm
                     FSR1   0x000fe1       data     extern E:\3.46\pic18-lt\cxx-framework\src\traditional\proc\p18f47j13.asm
                    FSR1L   0x000fe1       data     extern E:\3.46\pic18-lt\cxx-framework\src\traditional\proc\p18f47j13.asm
                    FSR1H   0x000fe2       data     extern E:\3.46\pic18-lt\cxx-framework\src\traditional\proc\p18f47j13.asm
                   PLUSW1   0x000fe3       data     extern E:\3.46\pic18-lt\cxx-framework\src\traditional\proc\p18f47j13.asm
                  PREINC1   0x000fe4       data     extern E:\3.46\pic18-lt\cxx-framework\src\traditional\proc\p18f47j13.asm
                 POSTDEC1   0x000fe5       data     extern E:\3.46\pic18-lt\cxx-framework\src\traditional\proc\p18f47j13.asm
                 POSTINC1   0x000fe6       data     extern E:\3.46\pic18-lt\cxx-framework\src\traditional\proc\p18f47j13.asm
                    INDF1   0x000fe7       data     extern E:\3.46\pic18-lt\cxx-framework\src\traditional\proc\p18f47j13.asm
                     WREG   0x000fe8       data     extern E:\3.46\pic18-lt\cxx-framework\src\traditional\proc\p18f47j13.asm
                    FSR0L   0x000fe9       data     extern E:\3.46\pic18-lt\cxx-framework\src\traditional\proc\p18f47j13.asm
                     FSR0   0x000fe9       data     extern E:\3.46\pic18-lt\cxx-framework\src\traditional\proc\p18f47j13.asm
                    FSR0H   0x000fea       data     extern E:\3.46\pic18-lt\cxx-framework\src\traditional\proc\p18f47j13.asm
                   PLUSW0   0x000feb       data     extern E:\3.46\pic18-lt\cxx-framework\src\traditional\proc\p18f47j13.asm
                  PREINC0   0x000fec       data     extern E:\3.46\pic18-lt\cxx-framework\src\traditional\proc\p18f47j13.asm
                 POSTDEC0   0x000fed       data     extern E:\3.46\pic18-lt\cxx-framework\src\traditional\proc\p18f47j13.asm
                 POSTINC0   0x000fee       data     extern E:\3.46\pic18-lt\cxx-framework\src\traditional\proc\p18f47j13.asm
                    INDF0   0x000fef       data     extern E:\3.46\pic18-lt\cxx-framework\src\traditional\proc\p18f47j13.asm
              INTCON3bits   0x000ff0       data     extern E:\3.46\pic18-lt\cxx-framework\src\traditional\proc\p18f47j13.asm
                  INTCON3   0x000ff0       data     extern E:\3.46\pic18-lt\cxx-framework\src\traditional\proc\p18f47j13.asm
                  INTCON2   0x000ff1       data     extern E:\3.46\pic18-lt\cxx-framework\src\traditional\proc\p18f47j13.asm
              INTCON2bits   0x000ff1       data     extern E:\3.46\pic18-lt\cxx-framework\src\traditional\proc\p18f47j13.asm
                   INTCON   0x000ff2       data     extern E:\3.46\pic18-lt\cxx-framework\src\traditional\proc\p18f47j13.asm
               INTCONbits   0x000ff2       data     extern E:\3.46\pic18-lt\cxx-framework\src\traditional\proc\p18f47j13.asm
                    PRODL   0x000ff3       data     extern E:\3.46\pic18-lt\cxx-framework\src\traditional\proc\p18f47j13.asm
                     PROD   0x000ff3       data     extern E:\3.46\pic18-lt\cxx-framework\src\traditional\proc\p18f47j13.asm
                    PRODH   0x000ff4       data     extern E:\3.46\pic18-lt\cxx-framework\src\traditional\proc\p18f47j13.asm
                   TABLAT   0x000ff5       data     extern E:\3.46\pic18-lt\cxx-framework\src\traditional\proc\p18f47j13.asm
                  TBLPTRL   0x000ff6       data     extern E:\3.46\pic18-lt\cxx-framework\src\traditional\proc\p18f47j13.asm
                   TBLPTR   0x000ff6       data     extern E:\3.46\pic18-lt\cxx-framework\src\traditional\proc\p18f47j13.asm
                  TBLPTRH   0x000ff7       data     extern E:\3.46\pic18-lt\cxx-framework\src\traditional\proc\p18f47j13.asm
                  TBLPTRU   0x000ff8       data     extern E:\3.46\pic18-lt\cxx-framework\src\traditional\proc\p18f47j13.asm
                      PCL   0x000ff9       data     extern E:\3.46\pic18-lt\cxx-framework\src\traditional\proc\p18f47j13.asm
                       PC   0x000ff9       data     extern E:\3.46\pic18-lt\cxx-framework\src\traditional\proc\p18f47j13.asm
                   PCLATH   0x000ffa       data     extern E:\3.46\pic18-lt\cxx-framework\src\traditional\proc\p18f47j13.asm
                   PCLATU   0x000ffb       data     extern E:\3.46\pic18-lt\cxx-framework\src\traditional\proc\p18f47j13.asm
                   STKPTR   0x000ffc       data     extern E:\3.46\pic18-lt\cxx-framework\src\traditional\proc\p18f47j13.asm
               STKPTRbits   0x000ffc       data     extern E:\3.46\pic18-lt\cxx-framework\src\traditional\proc\p18f47j13.asm
                      TOS   0x000ffd       data     extern E:\3.46\pic18-lt\cxx-framework\src\traditional\proc\p18f47j13.asm
                     TOSL   0x000ffd       data     extern E:\3.46\pic18-lt\cxx-framework\src\traditional\proc\p18f47j13.asm
                     TOSH   0x000ffe       data     extern E:\3.46\pic18-lt\cxx-framework\src\traditional\proc\p18f47j13.asm
                     TOSU   0x000fff       data     extern E:\3.46\pic18-lt\cxx-framework\src\traditional\proc\p18f47j13.asm


